<html>
<body>
<pre>
<h1>µVision Build Log</h1>
<h2>Tool Versions:</h2>
IDE-Version: µVision V5.28.0.0
Copyright (C) 2019 ARM Ltd and ARM Germany GmbH. All rights reserved.
License Information: - surya, -, LIC=R4HEV-P1MR2-VG27J-UEFDA-AYNS5-H3VTX
 
Tool Versions:
Toolchain:       MDK-ARM Professional  Version: 5.28.0.0
Toolchain Path:  C:\Keil_v5\ARM\ARMCC\Bin
C Compiler:      Armcc.exe V5.06 update 6 (build 750)
Assembler:       Armasm.exe V5.06 update 6 (build 750)
Linker/Locator:  ArmLink.exe V5.06 update 6 (build 750)
Library Manager: ArmAr.exe V5.06 update 6 (build 750)
Hex Converter:   FromElf.exe V5.06 update 6 (build 750)
CPU DLL:         SARMCM3.DLL V5.28.0.0
Dialog DLL:      DCM.DLL V1.17.3.0
Target DLL:      STLink\ST-LINKIII-KEIL_SWO.dll V3.0.6.0
Dialog DLL:      TCM.DLL V1.36.2.0
 
<h2>Project:</h2>
D:\Work\STM32\Hackster_Lorawan\demo\Keil\RAK811\RAK811.uvprojx
Project File Date:  07/24/2020

<h2>Output:</h2>
*** Using Compiler 'V5.06 update 6 (build 750)', folder: 'C:\Keil_v5\ARM\ARMCC\Bin'
Rebuild target 'RAK811_HF'
compiling app.c...
compiling at_cmd.c...
compiling lora_config.c...
compiling partition.c...
compiling adc-board.c...
compiling rw_lora.c...
compiling board.c...
compiling gps-board.c...
compiling gpio-board.c...
compiling i2c-board.c...
compiling spi-board.c...
compiling rtc-board.c...
compiling sx127X-board.c...
compiling uart-board.c...
compiling timer-board.c...
assembling startup_stm32l1xx_md.s...
compiling system_stm32l1xx.c...
compiling stm32l1xx_hal.c...
compiling stm32l1xx_hal_adc.c...
compiling stm32l1xx_hal_adc_ex.c...
compiling stm32l1xx_hal_comp.c...
compiling stm32l1xx_hal_cortex.c...
compiling stm32l1xx_hal_crc.c...
compiling stm32l1xx_hal_cryp.c...
compiling stm32l1xx_hal_cryp_ex.c...
compiling stm32l1xx_hal_dac.c...
compiling stm32l1xx_hal_dac_ex.c...
compiling stm32l1xx_hal_dma.c...
compiling stm32l1xx_hal_flash.c...
compiling stm32l1xx_hal_flash_ex.c...
compiling stm32l1xx_hal_flash_ramfunc.c...
compiling stm32l1xx_hal_gpio.c...
compiling stm32l1xx_hal_i2c.c...
compiling stm32l1xx_hal_i2s.c...
compiling stm32l1xx_hal_irda.c...
compiling stm32l1xx_hal_iwdg.c...
compiling stm32l1xx_hal_lcd.c...
compiling stm32l1xx_hal_msp_template.c...
compiling stm32l1xx_hal_nor.c...
compiling stm32l1xx_hal_opamp.c...
compiling stm32l1xx_hal_opamp_ex.c...
compiling stm32l1xx_hal_pcd.c...
compiling stm32l1xx_hal_pcd_ex.c...
compiling stm32l1xx_hal_pwr.c...
compiling stm32l1xx_hal_pwr_ex.c...
compiling stm32l1xx_hal_rcc_ex.c...
compiling stm32l1xx_hal_rcc.c...
compiling stm32l1xx_hal_rtc.c...
compiling stm32l1xx_hal_sd.c...
compiling stm32l1xx_hal_rtc_ex.c...
compiling stm32l1xx_hal_smartcard.c...
compiling stm32l1xx_hal_spi_ex.c...
compiling stm32l1xx_hal_sram.c...
compiling stm32l1xx_hal_spi.c...
compiling stm32l1xx_hal_tim_ex.c...
compiling stm32l1xx_hal_uart.c...
compiling stm32l1xx_hal_tim.c...
compiling stm32l1xx_hal_usart.c...
compiling stm32l1xx_hal_wwdg.c...
compiling stm32l1xx_ll_fsmc.c...
compiling cJSON.c...
compiling stm32l1xx_ll_sdmmc.c...
compiling LoRaMacCrypto.c...
compiling utilities.c...
compiling Region.c...
compiling LoRaMac.c...
compiling RegionAS923.c...
compiling RegionAU915.c...
compiling RegionCN470.c...
compiling RegionCN779.c...
compiling RegionCommon.c...
compiling RegionEU433.c...
compiling RegionEU868.c...
compiling RegionIN865.c...
compiling RegionKR920.c...
compiling RegionUS915.c...
compiling RegionUS915-Hybrid.c...
compiling sx127x.c...
compiling adc.c...
compiling eeprom.c...
compiling delay.c...
compiling fifo.c...
compiling gpio.c...
compiling i2c.c...
compiling gps.c...
compiling aes.c...
compiling cmac.c...
compiling timer.c...
compiling uart.c...
linking...
Program Size: Code=105876 RO-data=4508 RW-data=1028 ZI-data=14196  
FromELF: creating hex file...
After Build - User command #1: fromelf.exe --bin -o "D:\Work\STM32\Hackster_Lorawan\demo\Keil\RAK811\Objects\RAK811_HF.bin" "D:\Work\STM32\Hackster_Lorawan\demo\Keil\RAK811\Objects\RAK811_HF.axf"
".\Objects\RAK811_HF.axf" - 0 Error(s), 0 Warning(s).

<h2>Software Packages used:</h2>

Package Vendor: Keil
                http://www.keil.com/pack/Keil.STM32L1xx_DFP.1.2.0.pack
                Keil.STM32L1xx_DFP.1.2.0
                STMicroelectronics STM32L1 Series Device Support and Examples

<h2>Collection of Component include folders:</h2>
  .\RTE\_RAK811_HF
  C:\Users\surya ramadhan\AppData\Local\Arm\Packs\Keil\STM32L1xx_DFP\1.2.0\Device\Include

<h2>Collection of Component Files used:</h2>
Build Time Elapsed:  00:00:38
</pre>
</body>
</html>
