Component: ARM Compiler 5.06 update 6 (build 750) Tool: armlink [4d35ed]

==============================================================================

Section Cross References

    app.o(i.get_gps_data) refers to uart-board.o(i.e_printf_raw) for e_printf_raw
    app.o(i.get_gps_data) refers to gps.o(.bss) for NmeaGpsData
    app.o(i.get_gps_data) refers to app.o(.bss) for latitude
    app.o(i.main) refers to board.o(i.BoardInitMcu) for BoardInitMcu
    app.o(i.main) refers to partition.o(i.read_partition) for read_partition
    app.o(i.main) refers to partition.o(i.write_partition) for write_partition
    app.o(i.main) refers to uart-board.o(i.UartMcuInit) for UartMcuInit
    app.o(i.main) refers to uart-board.o(i.UartMcuConfig) for UartMcuConfig
    app.o(i.main) refers to uart-board.o(i.e_printf) for e_printf
    app.o(i.main) refers to rw_lora.o(i.rw_ReadUsrConfig) for rw_ReadUsrConfig
    app.o(i.main) refers to rw_lora.o(i.rw_InitLoRaWAN) for rw_InitLoRaWAN
    app.o(i.main) refers to rw_lora.o(i.rw_LoadUsrConfig) for rw_LoadUsrConfig
    app.o(i.main) refers to at_cmd.o(i.GPIOIRQ_Enable) for GPIOIRQ_Enable
    app.o(i.main) refers to gps.o(i.GpsInit) for GpsInit
    app.o(i.main) refers to timer.o(i.TimerInit) for TimerInit
    app.o(i.main) refers to timer.o(i.TimerSetValue) for TimerSetValue
    app.o(i.main) refers to timer.o(i.TimerStart) for TimerStart
    app.o(i.main) refers to rw_lora.o(i.rw_JoinNetworkOTAA) for rw_JoinNetworkOTAA
    app.o(i.main) refers to app.o(i.get_gps_data) for get_gps_data
    app.o(i.main) refers to rw_lora.o(i.rw_LoRaTxData) for rw_LoRaTxData
    app.o(i.main) refers to at_cmd.o(i.lora_cli_loop) for lora_cli_loop
    app.o(i.main) refers to timer.o(i.TimerLowPowerHandler) for TimerLowPowerHandler
    app.o(i.main) refers to app.o(.constdata) for .constdata
    app.o(i.main) refers to board.o(.bss) for Uart1
    app.o(i.main) refers to app.o(.bss) for g_lora_config
    app.o(i.main) refers to app.o(.data) for dev_eui
    app.o(i.main) refers to app.o(i.timer_join_callback) for timer_join_callback
    app.o(i.timer_join_callback) refers to timer.o(i.TimerStop) for TimerStop
    app.o(i.timer_join_callback) refers to timer.o(i.TimerSetValue) for TimerSetValue
    app.o(i.timer_join_callback) refers to timer.o(i.TimerStart) for TimerStart
    app.o(i.timer_join_callback) refers to app.o(.data) for ready
    app.o(i.timer_join_callback) refers to app.o(.bss) for join_timer
    at_cmd.o(i.GPIOIRQ_Enable) refers to stm32l1xx_hal_cortex.o(i.HAL_NVIC_EnableIRQ) for HAL_NVIC_EnableIRQ
    at_cmd.o(i.do_work) refers to rt_memclr_w.o(.text) for __aeabi_memclr4
    at_cmd.o(i.do_work) refers to strncmp.o(.text) for strncmp
    at_cmd.o(i.do_work) refers to at_cmd.o(i.out_error) for out_error
    at_cmd.o(i.do_work) refers to at_cmd.o(i.parse_args) for parse_args
    at_cmd.o(i.do_work) refers to strcmpv7m.o(.text) for strcmp
    at_cmd.o(i.do_work) refers to at_cmd.o(.data) for cli_cmds
    at_cmd.o(i.enter_sleep) refers to board.o(i.BoardDeInitMcu) for BoardDeInitMcu
    at_cmd.o(i.enter_sleep) refers to board.o(i.SysEnterUltraPowerStopMode) for SysEnterUltraPowerStopMode
    at_cmd.o(i.enter_sleep) refers to board.o(i.BoardInitMcu) for BoardInitMcu
    at_cmd.o(i.enter_sleep) refers to at_cmd.o(i.lora_recv) for lora_recv
    at_cmd.o(i.enter_sleep) refers to uart-board.o(i.UartFlush) for UartFlush
    at_cmd.o(i.enter_sleep) refers to board.o(.bss) for Uart1
    at_cmd.o(i.lora_abp_info) refers to loramac.o(i.LoRaMacMibGetRequestConfirm) for LoRaMacMibGetRequestConfirm
    at_cmd.o(i.lora_abp_info) refers to uart-board.o(i.e_printf) for e_printf
    at_cmd.o(i.lora_abp_info) refers to at_cmd.o(i.out_hex_buf) for out_hex_buf
    at_cmd.o(i.lora_abp_info) refers to at_cmd.o(i.out_error) for out_error
    at_cmd.o(i.lora_band) refers to uart-board.o(i.e_printf) for e_printf
    at_cmd.o(i.lora_band) refers to strcmpv7m.o(.text) for strcmp
    at_cmd.o(i.lora_band) refers to rw_lora.o(i.rw_Str2Region) for rw_Str2Region
    at_cmd.o(i.lora_band) refers to at_cmd.o(i.out_error) for out_error
    at_cmd.o(i.lora_band) refers to rw_lora.o(i.rw_restore_LoRaWAN_config) for rw_restore_LoRaWAN_config
    at_cmd.o(i.lora_band) refers to at_cmd.o(i.NVIC_SystemReset) for NVIC_SystemReset
    at_cmd.o(i.lora_band) refers to app.o(.bss) for g_lora_config
    at_cmd.o(i.lora_band) refers to at_cmd.o(.conststring) for .conststring
    at_cmd.o(i.lora_cli_loop) refers to uart-board.o(i.e_getchar) for e_getchar
    at_cmd.o(i.lora_cli_loop) refers to at_cmd.o(i.do_work) for do_work
    at_cmd.o(i.lora_cli_loop) refers to at_cmd.o(.bss) for cli_buffer
    at_cmd.o(i.lora_cli_loop) refers to at_cmd.o(.data) for i
    at_cmd.o(i.lora_gpio) refers to atoi.o(.text) for atoi
    at_cmd.o(i.lora_gpio) refers to gpio.o(i.GpioInit) for GpioInit
    at_cmd.o(i.lora_gpio) refers to gpio.o(i.GpioRead) for GpioRead
    at_cmd.o(i.lora_gpio) refers to uart-board.o(i.e_printf) for e_printf
[...]
    0x08004786   0x08004786   0x00000002   Code   RO         2155    i.HAL_ADC_MspInit   stm32l1xx_hal_adc.o
    0x08004788   0x08004788   0x000000be   Code   RO         2156    i.HAL_ADC_PollForConversion  stm32l1xx_hal_adc.o
    0x08004846   0x08004846   0x0000008a   Code   RO         2158    i.HAL_ADC_Start     stm32l1xx_hal_adc.o
    0x080048d0   0x080048d0   0x00000014   Code   RO         2002    i.HAL_DBGMCU_EnableDBGSleepMode  stm32l1xx_hal.o
    0x080048e4   0x080048e4   0x00000014   Code   RO         2003    i.HAL_DBGMCU_EnableDBGStandbyMode  stm32l1xx_hal.o
    0x080048f8   0x080048f8   0x00000014   Code   RO         2004    i.HAL_DBGMCU_EnableDBGStopMode  stm32l1xx_hal.o
    0x0800490c   0x0800490c   0x0000001a   Code   RO         2006    i.HAL_Delay         stm32l1xx_hal.o
    0x08004926   0x08004926   0x00000002   PAD
    0x08004928   0x08004928   0x00000090   Code   RO         2812    i.HAL_FLASHEx_Erase  stm32l1xx_hal_flash_ex.o
    0x080049b8   0x080049b8   0x00000014   Code   RO         2698    i.HAL_FLASH_Lock    stm32l1xx_hal_flash.o
    0x080049cc   0x080049cc   0x00000058   Code   RO         2703    i.HAL_FLASH_Program  stm32l1xx_hal_flash.o
    0x08004a24   0x08004a24   0x0000004c   Code   RO         2705    i.HAL_FLASH_Unlock  stm32l1xx_hal_flash.o
    0x08004a70   0x08004a70   0x00000020   Code   RO         1262    i.HAL_GPIO_EXTI_Callback  gpio-board.o
    0x08004a90   0x08004a90   0x0000001c   Code   RO         3001    i.HAL_GPIO_EXTI_IRQHandler  stm32l1xx_hal_gpio.o
    0x08004aac   0x08004aac   0x000001d0   Code   RO         3002    i.HAL_GPIO_Init     stm32l1xx_hal_gpio.o
    0x08004c7c   0x08004c7c   0x00000010   Code   RO         3004    i.HAL_GPIO_ReadPin  stm32l1xx_hal_gpio.o
    0x08004c8c   0x08004c8c   0x0000000c   Code   RO         3006    i.HAL_GPIO_WritePin  stm32l1xx_hal_gpio.o
    0x08004c98   0x08004c98   0x0000000c   Code   RO         2010    i.HAL_GetTick       stm32l1xx_hal.o
    0x08004ca4   0x08004ca4   0x00000174   Code   RO         3072    i.HAL_I2C_Init      stm32l1xx_hal_i2c.o
    0x08004e18   0x08004e18   0x0000023c   Code   RO         3084    i.HAL_I2C_Mem_Read  stm32l1xx_hal_i2c.o
    0x08005054   0x08005054   0x00000136   Code   RO         3087    i.HAL_I2C_Mem_Write  stm32l1xx_hal_i2c.o
    0x0800518a   0x0800518a   0x00000002   Code   RO         3091    i.HAL_I2C_MspInit   stm32l1xx_hal_i2c.o
    0x0800518c   0x0800518c   0x00000010   Code   RO         2011    i.HAL_IncTick       stm32l1xx_hal.o
    0x0800519c   0x0800519c   0x00000016   Code   RO         2012    i.HAL_Init          stm32l1xx_hal.o
    0x080051b2   0x080051b2   0x00000002   PAD
    0x080051b4   0x080051b4   0x00000028   Code   RO         2013    i.HAL_InitTick      stm32l1xx_hal.o
    0x080051dc   0x080051dc   0x00000002   Code   RO         3506    i.HAL_MspInit       stm32l1xx_hal_msp_template.o
    0x080051de   0x080051de   0x00000002   PAD
    0x080051e0   0x080051e0   0x0000001c   Code   RO         2400    i.HAL_NVIC_DisableIRQ  stm32l1xx_hal_cortex.o
    0x080051fc   0x080051fc   0x0000001a   Code   RO         2401    i.HAL_NVIC_EnableIRQ  stm32l1xx_hal_cortex.o
    0x08005216   0x08005216   0x0000007c   Code   RO         2407    i.HAL_NVIC_SetPriority  stm32l1xx_hal_cortex.o
    0x08005292   0x08005292   0x00000002   PAD
    0x08005294   0x08005294   0x00000028   Code   RO         2408    i.HAL_NVIC_SetPriorityGrouping  stm32l1xx_hal_cortex.o
    0x080052bc   0x080052bc   0x00000018   Code   RO         3979    i.HAL_PWREx_EnableFastWakeUp  stm32l1xx_hal_pwr_ex.o
    0x080052d4   0x080052d4   0x00000018   Code   RO         3981    i.HAL_PWREx_EnableUltraLowPower  stm32l1xx_hal_pwr_ex.o
    0x080052ec   0x080052ec   0x00000010   Code   RO         3982    i.HAL_PWREx_GetVoltageRange  stm32l1xx_hal_pwr_ex.o
    0x080052fc   0x080052fc   0x00000018   Code   RO         3859    i.HAL_PWR_DisablePVD  stm32l1xx_hal_pwr.o
    0x08005314   0x08005314   0x00000040   Code   RO         3870    i.HAL_PWR_EnterSTOPMode  stm32l1xx_hal_pwr.o
    0x08005354   0x08005354   0x000001a4   Code   RO         4148    i.HAL_RCCEx_PeriphCLKConfig  stm32l1xx_hal_rcc_ex.o
    0x080054f8   0x080054f8   0x000002e8   Code   RO         4037    i.HAL_RCC_ClockConfig  stm32l1xx_hal_rcc.o
    0x080057e0   0x080057e0   0x0000000c   Code   RO         4042    i.HAL_RCC_GetHCLKFreq  stm32l1xx_hal_rcc.o
    0x080057ec   0x080057ec   0x0000002c   Code   RO         4044    i.HAL_RCC_GetPCLK1Freq  stm32l1xx_hal_rcc.o
    0x08005818   0x08005818   0x0000002c   Code   RO         4045    i.HAL_RCC_GetPCLK2Freq  stm32l1xx_hal_rcc.o
    0x08005844   0x08005844   0x000000bc   Code   RO         4046    i.HAL_RCC_GetSysClockFreq  stm32l1xx_hal_rcc.o
    0x08005900   0x08005900   0x0000094c   Code   RO         4049    i.HAL_RCC_OscConfig  stm32l1xx_hal_rcc.o
    0x0800624c   0x0800624c   0x00000002   Code   RO         4290    i.HAL_RTCEx_AlarmBEventCallback  stm32l1xx_hal_rtc_ex.o
    0x0800624e   0x0800624e   0x00000098   Code   RO         4298    i.HAL_RTCEx_DeactivateWakeUpTimer  stm32l1xx_hal_rtc_ex.o
    0x080062e6   0x080062e6   0x00000002   Code   RO         4182    i.HAL_RTC_AlarmAEventCallback  stm32l1xx_hal_rtc.o
    0x080062e8   0x080062e8   0x0000006c   Code   RO         4183    i.HAL_RTC_AlarmIRQHandler  stm32l1xx_hal_rtc.o
    0x08006354   0x08006354   0x000000f4   Code   RO         4185    i.HAL_RTC_DeactivateAlarm  stm32l1xx_hal_rtc.o
    0x08006448   0x08006448   0x00000082   Code   RO         4320    i.HAL_RTC_GetAlarm  stm32l1xx_hal_rtc_ex.o
    0x080064ca   0x080064ca   0x00000002   PAD
    0x080064cc   0x080064cc   0x0000004c   Code   RO         4186    i.HAL_RTC_GetDate   stm32l1xx_hal_rtc.o
    0x08006518   0x08006518   0x00000054   Code   RO         4321    i.HAL_RTC_GetTime   stm32l1xx_hal_rtc_ex.o
    0x0800656c   0x0800656c   0x000000b4   Code   RO         4188    i.HAL_RTC_Init      stm32l1xx_hal_rtc.o
    0x08006620   0x08006620   0x00000002   Code   RO         4190    i.HAL_RTC_MspInit   stm32l1xx_hal_rtc.o
    0x08006622   0x08006622   0x00000002   PAD
    0x08006624   0x08006624   0x00000210   Code   RO         4323    i.HAL_RTC_SetAlarm_IT  stm32l1xx_hal_rtc_ex.o
    0x08006834   0x08006834   0x00000108   Code   RO         4192    i.HAL_RTC_SetDate   stm32l1xx_hal_rtc.o
    0x0800693c   0x0800693c   0x0000012c   Code   RO         4193    i.HAL_RTC_SetTime   stm32l1xx_hal_rtc.o
    0x08006a68   0x08006a68   0x0000003a   Code   RO         4324    i.HAL_RTC_WaitForSynchro  stm32l1xx_hal_rtc_ex.o
    0x08006aa2   0x08006aa2   0x00000030   Code   RO         4557    i.HAL_SPI_DeInit    stm32l1xx_hal_spi.o
    0x08006ad2   0x08006ad2   0x0000007c   Code   RO         4793    i.HAL_SPI_Init      stm32l1xx_hal_spi_ex.o
    0x08006b4e   0x08006b4e   0x00000002   Code   RO         4563    i.HAL_SPI_MspDeInit  stm32l1xx_hal_spi.o
    0x08006b50   0x08006b50   0x00000002   Code   RO         4564    i.HAL_SPI_MspInit   stm32l1xx_hal_spi.o
    0x08006b52   0x08006b52   0x00000028   Code   RO         2410    i.HAL_SYSTICK_CLKSourceConfig  stm32l1xx_hal_cortex.o
    0x08006b7a   0x08006b7a   0x00000002   Code   RO         2411    i.HAL_SYSTICK_Callback  stm32l1xx_hal_cortex.o
    0x08006b7c   0x08006b7c   0x00000034   Code   RO         2412    i.HAL_SYSTICK_Config  stm32l1xx_hal_cortex.o
    0x08006bb0   0x08006bb0   0x00000008   Code   RO         2413    i.HAL_SYSTICK_IRQHandler  stm32l1xx_hal_cortex.o
    0x08006bb8   0x08006bb8   0x00000002   Code   RO         4866    i.HAL_TIM_IC_CaptureCallback  stm32l1xx_hal_tim.o
    0x08006bba   0x08006bba   0x00000152   Code   RO         4879    i.HAL_TIM_IRQHandler  stm32l1xx_hal_tim.o
    0x08006d0c   0x08006d0c   0x00000002   Code   RO         4882    i.HAL_TIM_OC_DelayElapsedCallback  stm32l1xx_hal_tim.o
    0x08006d0e   0x08006d0e   0x00000002   Code   RO         4909    i.HAL_TIM_PWM_PulseFinishedCallback  stm32l1xx_hal_tim.o
    0x08006d10   0x08006d10   0x0000000c   Code   RO         1775    i.HAL_TIM_PeriodElapsedCallback  timer-board.o
    0x08006d1c   0x08006d1c   0x00000002   Code   RO         4920    i.HAL_TIM_TriggerCallback  stm32l1xx_hal_tim.o
    0x08006d1e   0x08006d1e   0x00000002   PAD
    0x08006d20   0x08006d20   0x00000044   Code   RO         1842    i.HAL_UART_ErrorCallback  uart-board.o
    0x08006d64   0x08006d64   0x000000da   Code   RO         5517    i.HAL_UART_IRQHandler  stm32l1xx_hal_uart.o
    0x08006e3e   0x08006e3e   0x0000006e   Code   RO         5518    i.HAL_UART_Init     stm32l1xx_hal_uart.o
    0x08006eac   0x08006eac   0x00000002   Code   RO         5520    i.HAL_UART_MspInit  stm32l1xx_hal_uart.o
    0x08006eae   0x08006eae   0x00000086   Code   RO         5523    i.HAL_UART_Receive_IT  stm32l1xx_hal_uart.o
    0x08006f34   0x08006f34   0x0000007c   Code   RO         1843    i.HAL_UART_RxCpltCallback  uart-board.o
    0x08006fb0   0x08006fb0   0x000000f0   Code   RO         5526    i.HAL_UART_Transmit  stm32l1xx_hal_uart.o
    0x080070a0   0x080070a0   0x0000006e   Code   RO         5528    i.HAL_UART_Transmit_IT  stm32l1xx_hal_uart.o
    0x0800710e   0x0800710e   0x00000002   PAD
    0x08007110   0x08007110   0x00000040   Code   RO         1844    i.HAL_UART_TxCpltCallback  uart-board.o
    0x08007150   0x08007150   0x00000038   Code   RO          863    i.HardFault_Handler  rw_lora.o
    0x08007188   0x08007188   0x00000030   Code   RO         3107    i.I2C_IsAcknowledgeFailed  stm32l1xx_hal_i2c.o
    0x080071b8   0x080071b8   0x00000144   Code   RO         3114    i.I2C_RequestMemoryRead  stm32l1xx_hal_i2c.o
    0x080072fc   0x080072fc   0x000000d0   Code   RO         3115    i.I2C_RequestMemoryWrite  stm32l1xx_hal_i2c.o
    0x080073cc   0x080073cc   0x000000de   Code   RO         3123    i.I2C_WaitOnFlagUntilTimeout  stm32l1xx_hal_i2c.o
    0x080074aa   0x080074aa   0x000000aa   Code   RO         3124    i.I2C_WaitOnMasterAddressFlagUntilTimeout  stm32l1xx_hal_i2c.o
    0x08007554   0x08007554   0x00000072   Code   RO         3125    i.I2C_WaitOnRXNEFlagUntilTimeout  stm32l1xx_hal_i2c.o
    0x080075c6   0x080075c6   0x00000056   Code   RO         3127    i.I2C_WaitOnTXEFlagUntilTimeout  stm32l1xx_hal_i2c.o
    0x0800761c   0x0800761c   0x0000003c   Code   RO         9438    i.I2cInit           i2c.o
    0x08007658   0x08007658   0x00000060   Code   RO         1430    i.I2cMcuFormat      i2c-board.o
    0x080076b8   0x080076b8   0x00000084   Code   RO         1431    i.I2cMcuInit        i2c-board.o
    0x0800773c   0x0800773c   0x00000054   Code   RO         1432    i.I2cMcuReadBuffer  i2c-board.o
    0x08007790   0x08007790   0x00000054   Code   RO         1434    i.I2cMcuWriteBuffer  i2c-board.o
    0x080077e4   0x080077e4   0x00000034   Code   RO         9440    i.I2cReadBuffer     i2c.o
    0x08007818   0x08007818   0x0000001c   Code   RO         9441    i.I2cResetBus       i2c.o
    0x08007834   0x08007834   0x0000004c   Code   RO         9443    i.I2cWriteBuffer    i2c.o
    0x08007880   0x08007880   0x00000060   Code   RO         1129    i.InstallWakeUpPin  board.o
    0x080078e0   0x080078e0   0x00000012   Code   RO         9209    i.IsFifoEmpty       fifo.o
    0x080078f2   0x080078f2   0x0000001a   Code   RO         9210    i.IsFifoFull        fifo.o
    0x0800790c   0x0800790c   0x00000014   Code   RO         6934    i.LimitTxPower      regionas923.o
    0x08007920   0x08007920   0x00000014   Code   RO         7116    i.LimitTxPower      regionau915.o
    0x08007934   0x08007934   0x00000014   Code   RO         7290    i.LimitTxPower      regioncn470.o
    0x08007948   0x08007948   0x00000014   Code   RO         7761    i.LimitTxPower      regioneu433.o
    0x0800795c   0x0800795c   0x00000014   Code   RO         7940    i.LimitTxPower      regioneu868.o
    0x08007970   0x08007970   0x00000014   Code   RO         8119    i.LimitTxPower      regionin865.o
    0x08007984   0x08007984   0x00000014   Code   RO         8299    i.LimitTxPower      regionkr920.o
    0x08007998   0x08007998   0x0000004c   Code   RO         8482    i.LimitTxPower      regionus915.o
    0x080079e4   0x080079e4   0x00000010   Code   RO         6417    i.LoRaClrRadioStatus  loramac.o
    0x080079f4   0x080079f4   0x00000008   Code   RO         6418    i.LoRaGetRadioStatus  loramac.o
    0x080079fc   0x080079fc   0x00000014   Code   RO         6419    i.LoRaGetRssiSnr    loramac.o
    0x08007a10   0x08007a10   0x0000000c   Code   RO         6420    i.LoRaGetUserMode   loramac.o
    0x08007a1c   0x08007a1c   0x00000094   Code   RO         6707    i.LoRaMacComputeMic  loramaccrypto.o
    0x08007ab0   0x08007ab0   0x00000008   Code   RO         6423    i.LoRaMacDeInitialization  loramac.o
    0x08007ab8   0x08007ab8   0x00000374   Code   RO         6424    i.LoRaMacInitialization  loramac.o
    0x08007e2c   0x08007e2c   0x00000058   Code   RO         6708    i.LoRaMacJoinComputeMic  loramaccrypto.o
    0x08007e84   0x08007e84   0x00000094   Code   RO         6709    i.LoRaMacJoinComputeSKeys  loramaccrypto.o
    0x08007f18   0x08007f18   0x00000044   Code   RO         6710    i.LoRaMacJoinDecrypt  loramaccrypto.o
    0x08007f5c   0x08007f5c   0x00000180   Code   RO         6425    i.LoRaMacMcpsRequest  loramac.o
    0x080080dc   0x080080dc   0x000001a4   Code   RO         6426    i.LoRaMacMibGetRequestConfirm  loramac.o
    0x08008280   0x08008280   0x00000354   Code   RO         6427    i.LoRaMacMibSetRequestConfirm  loramac.o
    0x080085d4   0x080085d4   0x000001bc   Code   RO         6428    i.LoRaMacMlmeRequest  loramac.o
    0x08008790   0x08008790   0x00000028   Code   RO         6711    i.LoRaMacPayloadDecrypt  loramaccrypto.o
    0x080087b8   0x080087b8   0x000000e0   Code   RO         6712    i.LoRaMacPayloadEncrypt  loramaccrypto.o
    0x08008898   0x08008898   0x000000f4   Code   RO         6431    i.LoRaMacQueryTxPossible  loramac.o
    0x0800898c   0x0800898c   0x00000024   Code   RO         6434    i.LoRaMacTestSetDutyCycleOn  loramac.o
    0x080089b0   0x080089b0   0x0000000c   Code   RO         6437    i.LoRaSetUserMode   loramac.o
    0x080089bc   0x080089bc   0x00000096   Code   RO          864    i.McpsConfirm       rw_lora.o
    0x08008a52   0x08008a52   0x0000004a   Code   RO          865    i.McpsIndication    rw_lora.o
    0x08008a9c   0x08008a9c   0x00000080   Code   RO          866    i.MlmeConfirm       rw_lora.o
    0x08008b1c   0x08008b1c   0x00000010   Code   RO         2414    i.NVIC_GetPriorityGrouping  stm32l1xx_hal_cortex.o
    0x08008b2c   0x08008b2c   0x00000028   Code   RO         2415    i.NVIC_SetPriority  stm32l1xx_hal_cortex.o
    0x08008b54   0x08008b54   0x00000040   Code   RO          287    i.NVIC_SystemReset  at_cmd.o
    0x08008b94   0x08008b94   0x00000040   Code   RO          867    i.NVIC_SystemReset  rw_lora.o
    0x08008bd4   0x08008bd4   0x0000001e   Code   RO         6346    i.Nibble2HexChar    utilities.o
    0x08008bf2   0x08008bf2   0x00000002   PAD
    0x08008bf4   0x08008bf4   0x00000050   Code   RO         6438    i.OnAckTimeoutTimerEvent  loramac.o
    0x08008c44   0x08008c44   0x000003cc   Code   RO         6439    i.OnMacStateCheckTimerEvent  loramac.o
    0x08009010   0x08009010   0x00000710   Code   RO         6440    i.OnRadioRxDone     loramac.o
    0x08009720   0x08009720   0x000000d0   Code   RO         6441    i.OnRadioRxError    loramac.o
    0x080097f0   0x080097f0   0x000000a0   Code   RO         6442    i.OnRadioRxTimeout  loramac.o
    0x08009890   0x08009890   0x00000194   Code   RO         6443    i.OnRadioTxDone     loramac.o
    0x08009a24   0x08009a24   0x0000007c   Code   RO         6444    i.OnRadioTxTimeout  loramac.o
    0x08009aa0   0x08009aa0   0x00000094   Code   RO         6445    i.OnRxWindow1TimerEvent  loramac.o
    0x08009b34   0x08009b34   0x00000084   Code   RO         6446    i.OnRxWindow2TimerEvent  loramac.o
    0x08009bb8   0x08009bb8   0x00000094   Code   RO         6447    i.OnTxDelayedTimerEvent  loramac.o
    0x08009c4c   0x08009c4c   0x0000007a   Code   RO         6448    i.ParseMacCommandsToRepeat  loramac.o
    0x08009cc6   0x08009cc6   0x00000002   PAD
    0x08009cc8   0x08009cc8   0x00000424   Code   RO         6449    i.PrepareFrame      loramac.o
    0x0800a0ec   0x0800a0ec   0x00000054   Code   RO         6450    i.PrepareRxDoneAbort  loramac.o
    0x0800a140   0x0800a140   0x00000384   Code   RO         6451    i.ProcessMacCommands  loramac.o
    0x0800a4c4   0x0800a4c4   0x000000a8   Code   RO         4050    i.RCC_SetFlashLatencyFromMSIRange  stm32l1xx_hal_rcc.o
    0x0800a56c   0x0800a56c   0x00000024   Code   RO         1497    i.RTC_Alarm_IRQHandler  rtc-board.o
    0x0800a590   0x0800a590   0x00000016   Code   RO         4194    i.RTC_Bcd2ToByte    stm32l1xx_hal_rtc.o
    0x0800a5a6   0x0800a5a6   0x0000001a   Code   RO         4195    i.RTC_ByteToBcd2    stm32l1xx_hal_rtc.o
    0x0800a5c0   0x0800a5c0   0x0000003e   Code   RO         4196    i.RTC_EnterInitMode  stm32l1xx_hal_rtc.o
    0x0800a5fe   0x0800a5fe   0x00000002   PAD
    0x0800a600   0x0800a600   0x000000c0   Code   RO         6935    i.RegionAS923AdrNext  regionas923.o
    0x0800a6c0   0x0800a6c0   0x00000006   Code   RO         6936    i.RegionAS923AlternateDr  regionas923.o
    0x0800a6c6   0x0800a6c6   0x00000086   Code   RO         6937    i.RegionAS923ApplyCFList  regionas923.o
    0x0800a74c   0x0800a74c   0x00000044   Code   RO         6938    i.RegionAS923ApplyDrOffset  regionas923.o
    0x0800a790   0x0800a790   0x00000040   Code   RO         6939    i.RegionAS923CalcBackOff  regionas923.o
    0x0800a7d0   0x0800a7d0   0x00000038   Code   RO         6940    i.RegionAS923ChanMaskSet  regionas923.o
    0x0800a808   0x0800a808   0x000000fc   Code   RO         6941    i.RegionAS923ChannelAdd  regionas923.o
    0x0800a904   0x0800a904   0x0000003c   Code   RO         6942    i.RegionAS923ChannelsRemove  regionas923.o
    0x0800a940   0x0800a940   0x00000078   Code   RO         6943    i.RegionAS923ComputeRxWindowParameters  regionas923.o
    0x0800a9b8   0x0800a9b8   0x00000040   Code   RO         6944    i.RegionAS923DlChannelReq  regionas923.o
    0x0800a9f8   0x0800a9f8   0x00000178   Code   RO         6945    i.RegionAS923GetPhyParam  regionas923.o
    0x0800ab70   0x0800ab70   0x00000078   Code   RO         6946    i.RegionAS923InitDefaults  regionas923.o
    0x0800abe8   0x0800abe8   0x00000184   Code   RO         6947    i.RegionAS923LinkAdrReq  regionas923.o
    0x0800ad6c   0x0800ad6c   0x0000005e   Code   RO         6948    i.RegionAS923NewChannelReq  regionas923.o
    0x0800adca   0x0800adca   0x00000002   PAD
    0x0800adcc   0x0800adcc   0x0000012c   Code   RO         6949    i.RegionAS923NextChannel  regionas923.o
    0x0800aef8   0x0800aef8   0x00000120   Code   RO         6950    i.RegionAS923RxConfig  regionas923.o
    0x0800b018   0x0800b018   0x00000040   Code   RO         6951    i.RegionAS923RxParamSetupReq  regionas923.o
    0x0800b058   0x0800b058   0x0000002c   Code   RO         6952    i.RegionAS923SetBandTxDone  regionas923.o
    0x0800b084   0x0800b084   0x0000006c   Code   RO         6953    i.RegionAS923SetContinuousWave  regionas923.o
    0x0800b0f0   0x0800b0f0   0x00000118   Code   RO         6954    i.RegionAS923TxConfig  regionas923.o
    0x0800b208   0x0800b208   0x00000006   Code   RO         6955    i.RegionAS923TxParamSetupReq  regionas923.o
    0x0800b20e   0x0800b20e   0x000000c2   Code   RO         6956    i.RegionAS923Verify  regionas923.o
    0x0800b2d0   0x0800b2d0   0x0000009c   Code   RO         7117    i.RegionAU915AdrNext  regionau915.o
    0x0800b36c   0x0800b36c   0x00000014   Code   RO         7118    i.RegionAU915AlternateDr  regionau915.o
    0x0800b380   0x0800b380   0x00000002   Code   RO         7119    i.RegionAU915ApplyCFList  regionau915.o
    0x0800b382   0x0800b382   0x00000002   PAD
    0x0800b384   0x0800b384   0x00000020   Code   RO         7120    i.RegionAU915ApplyDrOffset  regionau915.o
    0x0800b3a4   0x0800b3a4   0x00000040   Code   RO         7121    i.RegionAU915CalcBackOff  regionau915.o
    0x0800b3e4   0x0800b3e4   0x00000068   Code   RO         7122    i.RegionAU915ChanMaskSet  regionau915.o
    0x0800b44c   0x0800b44c   0x00000060   Code   RO         7125    i.RegionAU915ComputeRxWindowParameters  regionau915.o
    0x0800b4ac   0x0800b4ac   0x00000006   Code   RO         7126    i.RegionAU915DlChannelReq  regionau915.o
    0x0800b4b2   0x0800b4b2   0x00000002   PAD
    0x0800b4b4   0x0800b4b4   0x0000012c   Code   RO         7127    i.RegionAU915GetPhyParam  regionau915.o
    0x0800b5e0   0x0800b5e0   0x000000f8   Code   RO         7128    i.RegionAU915InitDefaults  regionau915.o
    0x0800b6d8   0x0800b6d8   0x000001d4   Code   RO         7129    i.RegionAU915LinkAdrReq  regionau915.o
    0x0800b8ac   0x0800b8ac   0x00000006   Code   RO         7130    i.RegionAU915NewChannelReq  regionau915.o
    0x0800b8b2   0x0800b8b2   0x00000002   PAD
    0x0800b8b4   0x0800b8b4   0x000000ec   Code   RO         7131    i.RegionAU915NextChannel  regionau915.o
    0x0800b9a0   0x0800b9a0   0x000000c4   Code   RO         7132    i.RegionAU915RxConfig  regionau915.o
    0x0800ba64   0x0800ba64   0x0000007c   Code   RO         7133    i.RegionAU915RxParamSetupReq  regionau915.o
    0x0800bae0   0x0800bae0   0x0000002c   Code   RO         7134    i.RegionAU915SetBandTxDone  regionau915.o
    0x0800bb0c   0x0800bb0c   0x0000006c   Code   RO         7135    i.RegionAU915SetContinuousWave  regionau915.o
    0x0800bb78   0x0800bb78   0x000000d4   Code   RO         7136    i.RegionAU915TxConfig  regionau915.o
    0x0800bc4c   0x0800bc4c   0x00000008   Code   RO         7137    i.RegionAU915TxParamSetupReq  regionau915.o
    0x0800bc54   0x0800bc54   0x00000088   Code   RO         7138    i.RegionAU915Verify  regionau915.o
    0x0800bcdc   0x0800bcdc   0x00000098   Code   RO         6758    i.RegionAdrNext     region.o
    0x0800bd74   0x0800bd74   0x0000005c   Code   RO         6759    i.RegionAlternateDr  region.o
    0x0800bdd0   0x0800bdd0   0x0000005e   Code   RO         6760    i.RegionApplyCFList  region.o
    0x0800be2e   0x0800be2e   0x00000084   Code   RO         6761    i.RegionApplyDrOffset  region.o
    0x0800beb2   0x0800beb2   0x00000002   PAD
    0x0800beb4   0x0800beb4   0x00000098   Code   RO         7291    i.RegionCN470AdrNext  regioncn470.o
    0x0800bf4c   0x0800bf4c   0x0000006a   Code   RO         7292    i.RegionCN470AlternateDr  regioncn470.o
    0x0800bfb6   0x0800bfb6   0x00000002   Code   RO         7293    i.RegionCN470ApplyCFList  regioncn470.o
    0x0800bfb8   0x0800bfb8   0x00000012   Code   RO         7294    i.RegionCN470ApplyDrOffset  regioncn470.o
    0x0800bfca   0x0800bfca   0x00000002   PAD
    0x0800bfcc   0x0800bfcc   0x00000040   Code   RO         7295    i.RegionCN470CalcBackOff  regioncn470.o
    0x0800c00c   0x0800c00c   0x00000038   Code   RO         7296    i.RegionCN470ChanMaskSet  regioncn470.o
    0x0800c044   0x0800c044   0x00000060   Code   RO         7299    i.RegionCN470ComputeRxWindowParameters  regioncn470.o
    0x0800c0a4   0x0800c0a4   0x00000006   Code   RO         7300    i.RegionCN470DlChannelReq  regioncn470.o
    0x0800c0aa   0x0800c0aa   0x00000002   PAD
    0x0800c0ac   0x0800c0ac   0x0000012c   Code   RO         7301    i.RegionCN470GetPhyParam  regioncn470.o
    0x0800c1d8   0x0800c1d8   0x00000088   Code   RO         7302    i.RegionCN470InitDefaults  regioncn470.o
    0x0800c260   0x0800c260   0x0000017c   Code   RO         7303    i.RegionCN470LinkAdrReq  regioncn470.o
    0x0800c3dc   0x0800c3dc   0x00000006   Code   RO         7304    i.RegionCN470NewChannelReq  regioncn470.o
    0x0800c3e2   0x0800c3e2   0x00000002   PAD
    0x0800c3e4   0x0800c3e4   0x000000d4   Code   RO         7305    i.RegionCN470NextChannel  regioncn470.o
    0x0800c4b8   0x0800c4b8   0x000000c4   Code   RO         7306    i.RegionCN470RxConfig  regioncn470.o
    0x0800c57c   0x0800c57c   0x0000006c   Code   RO         7307    i.RegionCN470RxParamSetupReq  regioncn470.o
    0x0800c5e8   0x0800c5e8   0x0000002c   Code   RO         7308    i.RegionCN470SetBandTxDone  regioncn470.o
    0x0800c614   0x0800c614   0x0000006c   Code   RO         7309    i.RegionCN470SetContinuousWave  regioncn470.o
    0x0800c680   0x0800c680   0x000000c8   Code   RO         7310    i.RegionCN470TxConfig  regioncn470.o
    0x0800c748   0x0800c748   0x00000008   Code   RO         7311    i.RegionCN470TxParamSetupReq  regioncn470.o
    0x0800c750   0x0800c750   0x00000088   Code   RO         7312    i.RegionCN470Verify  regioncn470.o
    0x0800c7d8   0x0800c7d8   0x0000005e   Code   RO         6762    i.RegionCalcBackOff  region.o
    0x0800c836   0x0800c836   0x0000005c   Code   RO         6763    i.RegionChanMaskSet  region.o
    0x0800c892   0x0800c892   0x00000088   Code   RO         7644    i.RegionCommonCalcBackOff  regioncommon.o
    0x0800c91a   0x0800c91a   0x00000046   Code   RO         7645    i.RegionCommonChanDisable  regioncommon.o
    0x0800c960   0x0800c960   0x0000001e   Code   RO         7646    i.RegionCommonChanMaskCopy  regioncommon.o
    0x0800c97e   0x0800c97e   0x00000082   Code   RO         7647    i.RegionCommonChanVerifyDr  regioncommon.o
    0x0800ca00   0x0800ca00   0x00000120   Code   RO         7648    i.RegionCommonComputeRxWindowParameters  regioncommon.o
    0x0800cb20   0x0800cb20   0x00000020   Code   RO         7649    i.RegionCommonComputeSymbolTimeFsk  regioncommon.o
    0x0800cb40   0x0800cb40   0x00000038   Code   RO         7650    i.RegionCommonComputeSymbolTimeLoRa  regioncommon.o
    0x0800cb78   0x0800cb78   0x00000040   Code   RO         7651    i.RegionCommonComputeTxPower  regioncommon.o
    0x0800cbb8   0x0800cbb8   0x00000036   Code   RO         7652    i.RegionCommonCountChannels  regioncommon.o
    0x0800cbee   0x0800cbee   0x00000002   PAD
    0x0800cbf0   0x0800cbf0   0x00000028   Code   RO         7653    i.RegionCommonGetJoinDc  regioncommon.o
    0x0800cc18   0x0800cc18   0x0000009c   Code   RO         7654    i.RegionCommonLinkAdrReqVerifyParams  regioncommon.o
    0x0800ccb4   0x0800ccb4   0x00000048   Code   RO         7655    i.RegionCommonParseLinkAdrReq  regioncommon.o
    0x0800ccfc   0x0800ccfc   0x0000000e   Code   RO         7656    i.RegionCommonSetBandTxDone  regioncommon.o
    0x0800cd0a   0x0800cd0a   0x00000106   Code   RO         7657    i.RegionCommonUpdateBandTimeOff  regioncommon.o
    0x0800ce10   0x0800ce10   0x00000012   Code   RO         7658    i.RegionCommonValueInRange  regioncommon.o
    0x0800ce22   0x0800ce22   0x0000009a   Code   RO         6766    i.RegionComputeRxWindowParameters  region.o
    0x0800cebc   0x0800cebc   0x0000005c   Code   RO         6767    i.RegionDlChannelReq  region.o
    0x0800cf18   0x0800cf18   0x00000094   Code   RO         7762    i.RegionEU433AdrNext  regioneu433.o
    0x0800cfac   0x0800cfac   0x0000006a   Code   RO         7763    i.RegionEU433AlternateDr  regioneu433.o
    0x0800d016   0x0800d016   0x00000086   Code   RO         7764    i.RegionEU433ApplyCFList  regioneu433.o
    0x0800d09c   0x0800d09c   0x00000012   Code   RO         7765    i.RegionEU433ApplyDrOffset  regioneu433.o
    0x0800d0ae   0x0800d0ae   0x00000002   PAD
    0x0800d0b0   0x0800d0b0   0x00000040   Code   RO         7766    i.RegionEU433CalcBackOff  regioneu433.o
    0x0800d0f0   0x0800d0f0   0x00000038   Code   RO         7767    i.RegionEU433ChanMaskSet  regioneu433.o
    0x0800d128   0x0800d128   0x000000fc   Code   RO         7768    i.RegionEU433ChannelAdd  regioneu433.o
    0x0800d224   0x0800d224   0x0000003c   Code   RO         7769    i.RegionEU433ChannelsRemove  regioneu433.o
    0x0800d260   0x0800d260   0x00000078   Code   RO         7770    i.RegionEU433ComputeRxWindowParameters  regioneu433.o
    0x0800d2d8   0x0800d2d8   0x00000040   Code   RO         7771    i.RegionEU433DlChannelReq  regioneu433.o
    0x0800d318   0x0800d318   0x0000012c   Code   RO         7772    i.RegionEU433GetPhyParam  regioneu433.o
    0x0800d444   0x0800d444   0x0000008c   Code   RO         7773    i.RegionEU433InitDefaults  regioneu433.o
    0x0800d4d0   0x0800d4d0   0x00000184   Code   RO         7774    i.RegionEU433LinkAdrReq  regioneu433.o
    0x0800d654   0x0800d654   0x0000005e   Code   RO         7775    i.RegionEU433NewChannelReq  regioneu433.o
    0x0800d6b2   0x0800d6b2   0x00000002   PAD
    0x0800d6b4   0x0800d6b4   0x000000dc   Code   RO         7776    i.RegionEU433NextChannel  regioneu433.o
    0x0800d790   0x0800d790   0x0000011c   Code   RO         7777    i.RegionEU433RxConfig  regioneu433.o
    0x0800d8ac   0x0800d8ac   0x00000040   Code   RO         7778    i.RegionEU433RxParamSetupReq  regioneu433.o
    0x0800d8ec   0x0800d8ec   0x0000002c   Code   RO         7779    i.RegionEU433SetBandTxDone  regioneu433.o
    0x0800d918   0x0800d918   0x0000006c   Code   RO         7780    i.RegionEU433SetContinuousWave  regioneu433.o
    0x0800d984   0x0800d984   0x00000118   Code   RO         7781    i.RegionEU433TxConfig  regioneu433.o
    0x0800da9c   0x0800da9c   0x00000008   Code   RO         7782    i.RegionEU433TxParamSetupReq  regioneu433.o
    0x0800daa4   0x0800daa4   0x0000009c   Code   RO         7783    i.RegionEU433Verify  regioneu433.o
    0x0800db40   0x0800db40   0x00000094   Code   RO         7941    i.RegionEU868AdrNext  regioneu868.o
    0x0800dbd4   0x0800dbd4   0x0000006a   Code   RO         7942    i.RegionEU868AlternateDr  regioneu868.o
    0x0800dc3e   0x0800dc3e   0x00000086   Code   RO         7943    i.RegionEU868ApplyCFList  regioneu868.o
    0x0800dcc4   0x0800dcc4   0x00000012   Code   RO         7944    i.RegionEU868ApplyDrOffset  regioneu868.o
    0x0800dcd6   0x0800dcd6   0x00000002   PAD
    0x0800dcd8   0x0800dcd8   0x00000040   Code   RO         7945    i.RegionEU868CalcBackOff  regioneu868.o
    0x0800dd18   0x0800dd18   0x00000038   Code   RO         7946    i.RegionEU868ChanMaskSet  regioneu868.o
    0x0800dd50   0x0800dd50   0x000000f4   Code   RO         7947    i.RegionEU868ChannelAdd  regioneu868.o
    0x0800de44   0x0800de44   0x0000003c   Code   RO         7948    i.RegionEU868ChannelsRemove  regioneu868.o
    0x0800de80   0x0800de80   0x00000078   Code   RO         7949    i.RegionEU868ComputeRxWindowParameters  regioneu868.o
    0x0800def8   0x0800def8   0x00000048   Code   RO         7950    i.RegionEU868DlChannelReq  regioneu868.o
    0x0800df40   0x0800df40   0x00000128   Code   RO         7951    i.RegionEU868GetPhyParam  regioneu868.o
    0x0800e068   0x0800e068   0x0000008c   Code   RO         7952    i.RegionEU868InitDefaults  regioneu868.o
    0x0800e0f4   0x0800e0f4   0x00000184   Code   RO         7953    i.RegionEU868LinkAdrReq  regioneu868.o
    0x0800e278   0x0800e278   0x0000005e   Code   RO         7954    i.RegionEU868NewChannelReq  regioneu868.o
    0x0800e2d6   0x0800e2d6   0x00000002   PAD
    0x0800e2d8   0x0800e2d8   0x000000dc   Code   RO         7955    i.RegionEU868NextChannel  regioneu868.o
    0x0800e3b4   0x0800e3b4   0x00000120   Code   RO         7956    i.RegionEU868RxConfig  regioneu868.o
    0x0800e4d4   0x0800e4d4   0x00000040   Code   RO         7957    i.RegionEU868RxParamSetupReq  regioneu868.o
    0x0800e514   0x0800e514   0x0000002c   Code   RO         7958    i.RegionEU868SetBandTxDone  regioneu868.o
    0x0800e540   0x0800e540   0x0000006c   Code   RO         7959    i.RegionEU868SetContinuousWave  regioneu868.o
    0x0800e5ac   0x0800e5ac   0x00000118   Code   RO         7960    i.RegionEU868TxConfig  regioneu868.o
    0x0800e6c4   0x0800e6c4   0x00000008   Code   RO         7961    i.RegionEU868TxParamSetupReq  regioneu868.o
    0x0800e6cc   0x0800e6cc   0x0000009c   Code   RO         7962    i.RegionEU868Verify  regioneu868.o
    0x0800e768   0x0800e768   0x00000074   Code   RO         6768    i.RegionGetPhyParam  region.o
    0x0800e7dc   0x0800e7dc   0x00000094   Code   RO         8120    i.RegionIN865AdrNext  regionin865.o
    0x0800e870   0x0800e870   0x0000006a   Code   RO         8121    i.RegionIN865AlternateDr  regionin865.o
    0x0800e8da   0x0800e8da   0x00000086   Code   RO         8122    i.RegionIN865ApplyCFList  regionin865.o
    0x0800e960   0x0800e960   0x0000003c   Code   RO         8123    i.RegionIN865ApplyDrOffset  regionin865.o
    0x0800e99c   0x0800e99c   0x00000040   Code   RO         8124    i.RegionIN865CalcBackOff  regionin865.o
    0x0800e9dc   0x0800e9dc   0x00000038   Code   RO         8125    i.RegionIN865ChanMaskSet  regionin865.o
    0x0800ea14   0x0800ea14   0x000000f4   Code   RO         8126    i.RegionIN865ChannelAdd  regionin865.o
    0x0800eb08   0x0800eb08   0x0000003c   Code   RO         8127    i.RegionIN865ChannelsRemove  regionin865.o
    0x0800eb44   0x0800eb44   0x00000078   Code   RO         8128    i.RegionIN865ComputeRxWindowParameters  regionin865.o
    0x0800ebbc   0x0800ebbc   0x00000048   Code   RO         8129    i.RegionIN865DlChannelReq  regionin865.o
    0x0800ec04   0x0800ec04   0x0000012c   Code   RO         8130    i.RegionIN865GetPhyParam  regionin865.o
    0x0800ed30   0x0800ed30   0x0000008c   Code   RO         8131    i.RegionIN865InitDefaults  regionin865.o
    0x0800edbc   0x0800edbc   0x00000184   Code   RO         8132    i.RegionIN865LinkAdrReq  regionin865.o
    0x0800ef40   0x0800ef40   0x0000005e   Code   RO         8133    i.RegionIN865NewChannelReq  regionin865.o
    0x0800ef9e   0x0800ef9e   0x00000002   PAD
    0x0800efa0   0x0800efa0   0x000000dc   Code   RO         8134    i.RegionIN865NextChannel  regionin865.o
    0x0800f07c   0x0800f07c   0x0000011c   Code   RO         8135    i.RegionIN865RxConfig  regionin865.o
    0x0800f198   0x0800f198   0x00000040   Code   RO         8136    i.RegionIN865RxParamSetupReq  regionin865.o
    0x0800f1d8   0x0800f1d8   0x0000002c   Code   RO         8137    i.RegionIN865SetBandTxDone  regionin865.o
    0x0800f204   0x0800f204   0x0000006c   Code   RO         8138    i.RegionIN865SetContinuousWave  regionin865.o
    0x0800f270   0x0800f270   0x00000118   Code   RO         8139    i.RegionIN865TxConfig  regionin865.o
    0x0800f388   0x0800f388   0x00000008   Code   RO         8140    i.RegionIN865TxParamSetupReq  regionin865.o
    0x0800f390   0x0800f390   0x0000009c   Code   RO         8141    i.RegionIN865Verify  regionin865.o
    0x0800f42c   0x0800f42c   0x0000005e   Code   RO         6769    i.RegionInitDefaults  region.o
    0x0800f48a   0x0800f48a   0x00000038   Code   RO         6770    i.RegionIsActive    region.o
    0x0800f4c2   0x0800f4c2   0x00000002   PAD
    0x0800f4c4   0x0800f4c4   0x00000094   Code   RO         8300    i.RegionKR920AdrNext  regionkr920.o
    0x0800f558   0x0800f558   0x0000006a   Code   RO         8301    i.RegionKR920AlternateDr  regionkr920.o
    0x0800f5c2   0x0800f5c2   0x00000086   Code   RO         8302    i.RegionKR920ApplyCFList  regionkr920.o
    0x0800f648   0x0800f648   0x00000012   Code   RO         8303    i.RegionKR920ApplyDrOffset  regionkr920.o
    0x0800f65a   0x0800f65a   0x00000002   PAD
    0x0800f65c   0x0800f65c   0x00000040   Code   RO         8304    i.RegionKR920CalcBackOff  regionkr920.o
    0x0800f69c   0x0800f69c   0x00000038   Code   RO         8305    i.RegionKR920ChanMaskSet  regionkr920.o
    0x0800f6d4   0x0800f6d4   0x000000d4   Code   RO         8306    i.RegionKR920ChannelAdd  regionkr920.o
    0x0800f7a8   0x0800f7a8   0x0000003c   Code   RO         8307    i.RegionKR920ChannelsRemove  regionkr920.o
    0x0800f7e4   0x0800f7e4   0x00000060   Code   RO         8308    i.RegionKR920ComputeRxWindowParameters  regionkr920.o
    0x0800f844   0x0800f844   0x00000040   Code   RO         8309    i.RegionKR920DlChannelReq  regionkr920.o
    0x0800f884   0x0800f884   0x0000012c   Code   RO         8310    i.RegionKR920GetPhyParam  regionkr920.o
    0x0800f9b0   0x0800f9b0   0x0000008c   Code   RO         8311    i.RegionKR920InitDefaults  regionkr920.o
    0x0800fa3c   0x0800fa3c   0x00000184   Code   RO         8312    i.RegionKR920LinkAdrReq  regionkr920.o
    0x0800fbc0   0x0800fbc0   0x0000005e   Code   RO         8313    i.RegionKR920NewChannelReq  regionkr920.o
    0x0800fc1e   0x0800fc1e   0x00000002   PAD
    0x0800fc20   0x0800fc20   0x0000012c   Code   RO         8314    i.RegionKR920NextChannel  regionkr920.o
    0x0800fd4c   0x0800fd4c   0x000000bc   Code   RO         8315    i.RegionKR920RxConfig  regionkr920.o
    0x0800fe08   0x0800fe08   0x00000040   Code   RO         8316    i.RegionKR920RxParamSetupReq  regionkr920.o
    0x0800fe48   0x0800fe48   0x0000002c   Code   RO         8317    i.RegionKR920SetBandTxDone  regionkr920.o
    0x0800fe74   0x0800fe74   0x00000098   Code   RO         8318    i.RegionKR920SetContinuousWave  regionkr920.o
    0x0800ff0c   0x0800ff0c   0x000000fc   Code   RO         8319    i.RegionKR920TxConfig  regionkr920.o
    0x08010008   0x08010008   0x00000008   Code   RO         8320    i.RegionKR920TxParamSetupReq  regionkr920.o
    0x08010010   0x08010010   0x0000009c   Code   RO         8321    i.RegionKR920Verify  regionkr920.o
    0x080100ac   0x080100ac   0x000000a8   Code   RO         6771    i.RegionLinkAdrReq  region.o
    0x08010154   0x08010154   0x0000005c   Code   RO         6772    i.RegionNewChannelReq  region.o
    0x080101b0   0x080101b0   0x00000098   Code   RO         6773    i.RegionNextChannel  region.o
    0x08010248   0x08010248   0x0000006e   Code   RO         6774    i.RegionRxConfig    region.o
    0x080102b6   0x080102b6   0x0000005c   Code   RO         6775    i.RegionRxParamSetupReq  region.o
    0x08010312   0x08010312   0x00000060   Code   RO         6776    i.RegionSetBandTxDone  region.o
    0x08010372   0x08010372   0x0000005e   Code   RO         6777    i.RegionSetContinuousWave  region.o
    0x080103d0   0x080103d0   0x00000084   Code   RO         6778    i.RegionTxConfig    region.o
    0x08010454   0x08010454   0x0000005c   Code   RO         6779    i.RegionTxParamSetupReq  region.o
    0x080104b0   0x080104b0   0x0000009c   Code   RO         8483    i.RegionUS915AdrNext  regionus915.o
    0x0801054c   0x0801054c   0x00000014   Code   RO         8484    i.RegionUS915AlternateDr  regionus915.o
    0x08010560   0x08010560   0x00000002   Code   RO         8485    i.RegionUS915ApplyCFList  regionus915.o
    0x08010562   0x08010562   0x00000002   PAD
    0x08010564   0x08010564   0x0000001c   Code   RO         8486    i.RegionUS915ApplyDrOffset  regionus915.o
    0x08010580   0x08010580   0x00000040   Code   RO         8487    i.RegionUS915CalcBackOff  regionus915.o
    0x080105c0   0x080105c0   0x00000074   Code   RO         8488    i.RegionUS915ChanMaskSet  regionus915.o
    0x08010634   0x08010634   0x00000060   Code   RO         8491    i.RegionUS915ComputeRxWindowParameters  regionus915.o
    0x08010694   0x08010694   0x00000006   Code   RO         8492    i.RegionUS915DlChannelReq  regionus915.o
    0x0801069a   0x0801069a   0x00000002   PAD
    0x0801069c   0x0801069c   0x00000120   Code   RO         8493    i.RegionUS915GetPhyParam  regionus915.o
    0x080107bc   0x080107bc   0x000000f8   Code   RO         8494    i.RegionUS915InitDefaults  regionus915.o
    0x080108b4   0x080108b4   0x000001d4   Code   RO         8495    i.RegionUS915LinkAdrReq  regionus915.o
    0x08010a88   0x08010a88   0x00000006   Code   RO         8496    i.RegionUS915NewChannelReq  regionus915.o
    0x08010a8e   0x08010a8e   0x00000002   PAD
    0x08010a90   0x08010a90   0x000000ec   Code   RO         8497    i.RegionUS915NextChannel  regionus915.o
    0x08010b7c   0x08010b7c   0x000000c4   Code   RO         8498    i.RegionUS915RxConfig  regionus915.o
    0x08010c40   0x08010c40   0x00000088   Code   RO         8499    i.RegionUS915RxParamSetupReq  regionus915.o
    0x08010cc8   0x08010cc8   0x0000002c   Code   RO         8500    i.RegionUS915SetBandTxDone  regionus915.o
    0x08010cf4   0x08010cf4   0x00000070   Code   RO         8501    i.RegionUS915SetContinuousWave  regionus915.o
    0x08010d64   0x08010d64   0x000000d8   Code   RO         8502    i.RegionUS915TxConfig  regionus915.o
    0x08010e3c   0x08010e3c   0x00000008   Code   RO         8503    i.RegionUS915TxParamSetupReq  regionus915.o
    0x08010e44   0x08010e44   0x0000009c   Code   RO         8504    i.RegionUS915Verify  regionus915.o
    0x08010ee0   0x08010ee0   0x0000006e   Code   RO         6780    i.RegionVerify      region.o
    0x08010f4e   0x08010f4e   0x00000002   PAD
    0x08010f50   0x08010f50   0x00000108   Code   RO         6452    i.ResetMacParameters  loramac.o
    0x08011058   0x08011058   0x0000003c   Code   RO         1498    i.RtcCheckCalendarRollOver  rtc-board.o
    0x08011094   0x08011094   0x00000024   Code   RO         1499    i.RtcComputeElapsedTime  rtc-board.o
    0x080110b8   0x080110b8   0x0000025c   Code   RO         1501    i.RtcComputeTimerTimeToAlarmTick  rtc-board.o
    0x08011314   0x08011314   0x000000a4   Code   RO         1502    i.RtcComputeWakeUpTime  rtc-board.o
    0x080113b8   0x080113b8   0x00000184   Code   RO         1503    i.RtcConvertCalendarTickToTimerTime  rtc-board.o
    0x0801153c   0x0801153c   0x0000004c   Code   RO         1506    i.RtcGetAdjustedTimeoutValue  rtc-board.o
    0x08011588   0x08011588   0x00000044   Code   RO         1507    i.RtcGetCalendar    rtc-board.o
    0x080115cc   0x080115cc   0x0000002c   Code   RO         1508    i.RtcGetElapsedAlarmTime  rtc-board.o
    0x080115f8   0x080115f8   0x0000000a   Code   RO         1509    i.RtcGetTimerValue  rtc-board.o
    0x08011602   0x08011602   0x00000002   PAD
    0x08011604   0x08011604   0x000000b0   Code   RO         1510    i.RtcInit           rtc-board.o
    0x080116b4   0x080116b4   0x00000048   Code   RO         1511    i.RtcRecoverMcuStatus  rtc-board.o
    0x080116fc   0x080116fc   0x0000000c   Code   RO         1512    i.RtcSetTimeout     rtc-board.o
    0x08011708   0x08011708   0x0000009c   Code   RO         1513    i.RtcStartWakeUpAlarm  rtc-board.o
    0x080117a4   0x080117a4   0x000000b8   Code   RO         8846    i.RxChainCalibration  sx127x.o
    0x0801185c   0x0801185c   0x000000f8   Code   RO         6453    i.RxRadioP2PFrame   loramac.o
    0x08011954   0x08011954   0x00000020   Code   RO         6454    i.RxWindowSetup     loramac.o
    0x08011974   0x08011974   0x00000048   Code   RO         1678    i.SX1276AntSwDeInit  sx127x-board.o
    0x080119bc   0x080119bc   0x0000004c   Code   RO         1679    i.SX1276AntSwInit   sx127x-board.o
    0x08011a08   0x08011a08   0x00000006   Code   RO         1680    i.SX1276CheckRfFrequency  sx127x-board.o
    0x08011a0e   0x08011a0e   0x00000002   PAD
    0x08011a10   0x08011a10   0x00000014   Code   RO         1681    i.SX1276GetPaSelect  sx127x-board.o
    0x08011a24   0x08011a24   0x0000000c   Code   RO         8847    i.SX1276GetStatus   sx127x.o
    0x08011a30   0x08011a30   0x0000029c   Code   RO         8848    i.SX1276GetTimeOnAir  sx127x.o
    0x08011ccc   0x08011ccc   0x00000098   Code   RO         8849    i.SX1276Init        sx127x.o
    0x08011d64   0x08011d64   0x00000080   Code   RO         1682    i.SX1276IoDeInit    sx127x-board.o
    0x08011de4   0x08011de4   0x00000088   Code   RO         1683    i.SX1276IoInit      sx127x-board.o
    0x08011e6c   0x08011e6c   0x00000050   Code   RO         1684    i.SX1276IoIrqInit   sx127x-board.o
    0x08011ebc   0x08011ebc   0x00000060   Code   RO         8850    i.SX1276IsChannelFree  sx127x.o
    0x08011f1c   0x08011f1c   0x0000039c   Code   RO         8851    i.SX1276OnDio0Irq   sx127x.o
    0x080122b8   0x080122b8   0x000001a8   Code   RO         8852    i.SX1276OnDio1Irq   sx127x.o
    0x08012460   0x08012460   0x00000154   Code   RO         8853    i.SX1276OnDio2Irq   sx127x.o
    0x080125b4   0x080125b4   0x00000070   Code   RO         8854    i.SX1276OnDio3Irq   sx127x.o
    0x08012624   0x08012624   0x0000002c   Code   RO         8855    i.SX1276OnDio4Irq   sx127x.o
    0x08012650   0x08012650   0x0000010c   Code   RO         8857    i.SX1276OnTimeoutIrq  sx127x.o
    0x0801275c   0x0801275c   0x00000040   Code   RO         8858    i.SX1276Random      sx127x.o
    0x0801279c   0x0801279c   0x00000014   Code   RO         8859    i.SX1276Read        sx127x.o
    0x080127b0   0x080127b0   0x00000048   Code   RO         8860    i.SX1276ReadBuffer  sx127x.o
    0x080127f8   0x080127f8   0x00000012   Code   RO         8861    i.SX1276ReadFifo    sx127x.o
    0x0801280a   0x0801280a   0x00000002   PAD
    0x0801280c   0x0801280c   0x00000054   Code   RO         8862    i.SX1276ReadRssi    sx127x.o
    0x08012860   0x08012860   0x0000003c   Code   RO         8863    i.SX1276Reset       sx127x.o
    0x0801289c   0x0801289c   0x00000134   Code   RO         8864    i.SX1276Send        sx127x.o
    0x080129d0   0x080129d0   0x00000060   Code   RO         1685    i.SX1276SetAntSw    sx127x-board.o
    0x08012a30   0x08012a30   0x00000024   Code   RO         1686    i.SX1276SetAntSwLowPower  sx127x-board.o
    0x08012a54   0x08012a54   0x0000004c   Code   RO         8865    i.SX1276SetChannel  sx127x.o
    0x08012aa0   0x08012aa0   0x00000038   Code   RO         8866    i.SX1276SetMaxPayloadLength  sx127x.o
    0x08012ad8   0x08012ad8   0x000000a0   Code   RO         8867    i.SX1276SetModem    sx127x.o
    0x08012b78   0x08012b78   0x00000032   Code   RO         8868    i.SX1276SetOpMode   sx127x.o
    0x08012baa   0x08012baa   0x00000002   PAD
    0x08012bac   0x08012bac   0x0000002c   Code   RO         8869    i.SX1276SetPublicNetwork  sx127x.o
    0x08012bd8   0x08012bd8   0x000000c0   Code   RO         1687    i.SX1276SetRfTxPower  sx127x-board.o
    0x08012c98   0x08012c98   0x0000028c   Code   RO         8870    i.SX1276SetRx       sx127x.o
    0x08012f24   0x08012f24   0x00000328   Code   RO         8871    i.SX1276SetRxConfig  sx127x.o
    0x0801324c   0x0801324c   0x0000002c   Code   RO         8872    i.SX1276SetSleep    sx127x.o
    0x08013278   0x08013278   0x0000002c   Code   RO         8873    i.SX1276SetStby     sx127x.o
    0x080132a4   0x080132a4   0x000000c0   Code   RO         8874    i.SX1276SetTx       sx127x.o
    0x08013364   0x08013364   0x0000026c   Code   RO         8875    i.SX1276SetTxConfig  sx127x.o
    0x080135d0   0x080135d0   0x0000008c   Code   RO         8876    i.SX1276SetTxContinuousWave  sx127x.o
    0x0801365c   0x0801365c   0x00000048   Code   RO         8877    i.SX1276StartCad    sx127x.o
    0x080136a4   0x080136a4   0x00000010   Code   RO         8878    i.SX1276Write       sx127x.o
    0x080136b4   0x080136b4   0x00000044   Code   RO         8879    i.SX1276WriteBuffer  sx127x.o
    0x080136f8   0x080136f8   0x00000012   Code   RO         8880    i.SX1276WriteFifo   sx127x.o
    0x0801370a   0x0801370a   0x00000002   PAD
    0x0801370c   0x0801370c   0x00000040   Code   RO         6455    i.SX127X_INIT       loramac.o
    0x0801374c   0x0801374c   0x000001a4   Code   RO         6456    i.ScheduleTx        loramac.o
    0x080138f0   0x080138f0   0x00000084   Code   RO         6457    i.Send              loramac.o
    0x08013974   0x08013974   0x000000d4   Code   RO         6458    i.SendFrameOnChannel  loramac.o
    0x08013a48   0x08013a48   0x000000a0   Code   RO         6459    i.SendRadioP2PFrame  loramac.o
    0x08013ae8   0x08013ae8   0x0000006c   Code   RO         6460    i.SetTxContinuousWave  loramac.o
    0x08013b54   0x08013b54   0x00000040   Code   RO         6461    i.SetTxContinuousWave1  loramac.o
    0x08013b94   0x08013b94   0x00000066   Code   RO         1622    i.SpiDeInit         spi-board.o
    0x08013bfa   0x08013bfa   0x00000034   Code   RO         1623    i.SpiFormat         spi-board.o
    0x08013c2e   0x08013c2e   0x00000002   PAD
    0x08013c30   0x08013c30   0x00000058   Code   RO         1624    i.SpiFrequency      spi-board.o
    0x08013c88   0x08013c88   0x00000014   Code   RO         1625    i.SpiGetFlag        spi-board.o
    0x08013c9c   0x08013c9c   0x00000048   Code   RO         1626    i.SpiInOut          spi-board.o
    0x08013ce4   0x08013ce4   0x000000f0   Code   RO         1627    i.SpiInit           spi-board.o
    0x08013dd4   0x08013dd4   0x0000004c   Code   RO         1131    i.SysEnterUltraPowerStopMode  board.o
    0x08013e20   0x08013e20   0x0000000c   Code   RO         1132    i.SysTick_Handler   board.o
    0x08013e2c   0x08013e2c   0x000000a4   Code   RO         1133    i.SystemClockConfig  board.o
    0x08013ed0   0x08013ed0   0x000000b0   Code   RO         1134    i.SystemClockReConfig  board.o
    0x08013f80   0x08013f80   0x00000064   Code   RO         1956    i.SystemInit        system_stm32l1xx.o
    0x08013fe4   0x08013fe4   0x00000010   Code   RO         1776    i.TIM6_IRQHandler   timer-board.o
    0x08013ff4   0x08013ff4   0x00000020   Code   RO         9500    i.TimerExists       timer.o
    0x08014014   0x08014014   0x00000008   Code   RO         9501    i.TimerGetCurrentTime  timer.o
    0x0801401c   0x0801401c   0x0000000c   Code   RO         9502    i.TimerGetElapsedTime  timer.o
    0x08014028   0x08014028   0x00000008   Code   RO         9504    i.TimerGetValue     timer.o
    0x08014030   0x08014030   0x0000000e   Code   RO         9505    i.TimerInit         timer.o
    0x0801403e   0x0801403e   0x00000002   PAD
    0x08014040   0x08014040   0x0000002c   Code   RO         9506    i.TimerInsertNewHeadTimer  timer.o
    0x0801406c   0x0801406c   0x0000006c   Code   RO         9507    i.TimerInsertTimer  timer.o
    0x080140d8   0x080140d8   0x0000008c   Code   RO         9508    i.TimerIrqHandler   timer.o
    0x08014164   0x08014164   0x00000084   Code   RO         9509    i.TimerLowPowerHandler  timer.o
    0x080141e8   0x080141e8   0x00000020   Code   RO         9511    i.TimerSetTimeout   timer.o
    0x08014208   0x08014208   0x00000012   Code   RO         9512    i.TimerSetValue     timer.o
    0x0801421a   0x0801421a   0x00000002   PAD
    0x0801421c   0x0801421c   0x00000084   Code   RO         9513    i.TimerStart        timer.o
    0x080142a0   0x080142a0   0x000000e4   Code   RO         9514    i.TimerStop         timer.o
    0x08014384   0x08014384   0x00000030   Code   RO         5536    i.UART_EndTransmit_IT  stm32l1xx_hal_uart.o
    0x080143b4   0x080143b4   0x000000bc   Code   RO         5537    i.UART_Receive_IT   stm32l1xx_hal_uart.o
    0x08014470   0x08014470   0x00000358   Code   RO         5538    i.UART_SetConfig    stm32l1xx_hal_uart.o
    0x080147c8   0x080147c8   0x00000070   Code   RO         5539    i.UART_Transmit_IT  stm32l1xx_hal_uart.o
    0x08014838   0x08014838   0x000000fa   Code   RO         5540    i.UART_WaitOnFlagUntilTimeout  stm32l1xx_hal_uart.o
    0x08014932   0x08014932   0x00000002   PAD
    0x08014934   0x08014934   0x00000010   Code   RO         1845    i.USART1_IRQHandler  uart-board.o
    0x08014944   0x08014944   0x0000004c   Code   RO         1846    i.USART3_IRQHandler  uart-board.o
    0x08014990   0x08014990   0x00000012   Code   RO         1847    i.UartFlush         uart-board.o
    0x080149a2   0x080149a2   0x00000002   PAD
    0x080149a4   0x080149a4   0x00000158   Code   RO         1848    i.UartMcuConfig     uart-board.o
    0x08014afc   0x08014afc   0x00000026   Code   RO         1850    i.UartMcuGetChar    uart-board.o
    0x08014b22   0x08014b22   0x00000002   PAD
    0x08014b24   0x08014b24   0x000000e8   Code   RO         1851    i.UartMcuInit       uart-board.o
    0x08014c0c   0x08014c0c   0x0000004c   Code   RO         1135    i.UninstallWakeUpPin  board.o
    0x08014c58   0x08014c58   0x00000064   Code   RO         6462    i.ValidatePayloadLength  loramac.o
    0x08014cbc   0x08014cbc   0x00000034   Code   RO         6957    i.VerifyTxFreq      regionas923.o
    0x08014cf0   0x08014cf0   0x00000034   Code   RO         7784    i.VerifyTxFreq      regioneu433.o
    0x08014d24   0x08014d24   0x000000b4   Code   RO         7963    i.VerifyTxFreq      regioneu868.o
    0x08014dd8   0x08014dd8   0x00000034   Code   RO         8142    i.VerifyTxFreq      regionin865.o
    0x08014e0c   0x08014e0c   0x00000048   Code   RO         8322    i.VerifyTxFreq      regionkr920.o
    0x08014e54   0x08014e54   0x00000008   Code   RO          729    i._DISABLE_FLASH    partition.o
    0x08014e5c   0x08014e5c   0x00000008   Code   RO          730    i._ENABLE_FLASH     partition.o
    0x08014e64   0x08014e64   0x00000028   Code   RO        10160    i.__ARM_fpclassify  m_ws.l(fpclassify.o)
    0x08014e8c   0x08014e8c   0x0000000e   Code   RO         9872    i._is_digit         c_w.l(__printf_wp.o)
    0x08014e9a   0x08014e9a   0x00000002   PAD
    0x08014e9c   0x08014e9c   0x00000040   Code   RO          868    i._rw_P2PTxLoop     rw_lora.o
    0x08014edc   0x08014edc   0x00000010   Code   RO         9668    i.add_round_key     aes.o
    0x08014eec   0x08014eec   0x0000005a   Code   RO         9670    i.aes_encrypt       aes.o
    0x08014f46   0x08014f46   0x00000002   PAD
    0x08014f48   0x08014f48   0x0000013c   Code   RO         9671    i.aes_set_key       aes.o
    0x08015084   0x08015084   0x000000dc   Code   RO         9971    i.ceil              m_ws.l(ceil.o)
    0x08015160   0x08015160   0x00000028   Code   RO          288    i.check_hex_invaild  at_cmd.o
    0x08015188   0x08015188   0x00000084   Code   RO         9672    i.copy_and_key      aes.o
    0x0801520c   0x0801520c   0x00000042   Code   RO         9673    i.copy_block        aes.o
    0x0801524e   0x0801524e   0x00000018   Code   RO         9674    i.copy_block_nn     aes.o
    0x08015266   0x08015266   0x0000002e   Code   RO         6347    i.crc_calc          utilities.o
    0x08015294   0x08015294   0x00000088   Code   RO          289    i.do_work           at_cmd.o
    0x0801531c   0x0801531c   0x0000001c   Code   RO         1853    i.e_getchar         uart-board.o
    0x08015338   0x08015338   0x00000038   Code   RO         1854    i.e_printf          uart-board.o
    0x08015370   0x08015370   0x0000001c   Code   RO         1855    i.e_printf_raw      uart-board.o
    0x0801538c   0x0801538c   0x000000dc   Code   RO         9975    i.floor             m_ws.l(floor.o)
    0x08015468   0x08015468   0x00000040   Code   RO          731    i.get_active_partition  partition.o
    0x080154a8   0x080154a8   0x00000048   Code   RO            4    i.get_gps_data      app.o
    0x080154f0   0x080154f0   0x00000040   Code   RO          732    i.get_passive_partition  partition.o
    0x08015530   0x08015530   0x00000078   Code   RO          545    i.handle_ack_retrans  lora_config.o
    0x080155a8   0x080155a8   0x0000009c   Code   RO          546    i.handle_adr        lora_config.o
    0x08015644   0x08015644   0x00000138   Code   RO          547    i.handle_app_eui    lora_config.o
    0x0801577c   0x0801577c   0x0000014c   Code   RO          548    i.handle_app_key    lora_config.o
    0x080158c8   0x080158c8   0x0000014c   Code   RO          549    i.handle_apps_key   lora_config.o
    0x08015a14   0x08015a14   0x00000240   Code   RO          550    i.handle_channel_list  lora_config.o
    0x08015c54   0x08015c54   0x000000d0   Code   RO          551    i.handle_channel_mask  lora_config.o
    0x08015d24   0x08015d24   0x00000084   Code   RO          552    i.handle_def_tx_dr  lora_config.o
    0x08015da8   0x08015da8   0x000000d0   Code   RO          553    i.handle_dev_addr   lora_config.o
    0x08015e78   0x08015e78   0x0000012c   Code   RO          554    i.handle_dev_eui    lora_config.o
    0x08015fa4   0x08015fa4   0x0000009c   Code   RO          556    i.handle_duty_cycle  lora_config.o
    0x08016040   0x08016040   0x00000090   Code   RO          557    i.handle_join_cnt   lora_config.o
    0x080160d0   0x080160d0   0x000000f4   Code   RO          558    i.handle_lorawan_class  lora_config.o
    0x080161c4   0x080161c4   0x00000054   Code   RO          559    i.handle_max_channels  lora_config.o
    0x08016218   0x08016218   0x00000078   Code   RO          560    i.handle_nb_trans   lora_config.o
    0x08016290   0x08016290   0x0000014c   Code   RO          561    i.handle_nwks_key   lora_config.o
    0x080163dc   0x080163dc   0x0000009c   Code   RO          562    i.handle_public_network  lora_config.o
    0x08016478   0x08016478   0x000000a4   Code   RO          563    i.handle_rx2        lora_config.o
    0x0801651c   0x0801651c   0x00000074   Code   RO          564    i.handle_rx_delay1  lora_config.o
    0x08016590   0x08016590   0x00000070   Code   RO          565    i.handle_tx_power   lora_config.o
    0x08016600   0x08016600   0x00000088   Code   RO          566    i.handle_txpwr_level  lora_config.o
    0x08016688   0x08016688   0x00000084   Code   RO          291    i.lora_abp_info     at_cmd.o
    0x0801670c   0x0801670c   0x00000094   Code   RO          292    i.lora_band         at_cmd.o
    0x080167a0   0x080167a0   0x00000058   Code   RO          293    i.lora_cli_loop     at_cmd.o
    0x080167f8   0x080167f8   0x000000cc   Code   RO          294    i.lora_gpio         at_cmd.o
    0x080168c4   0x080168c4   0x00000110   Code   RO          295    i.lora_join         at_cmd.o
    0x080169d4   0x080169d4   0x0000004c   Code   RO          296    i.lora_link_check   at_cmd.o
    0x08016a20   0x08016a20   0x00000098   Code   RO          297    i.lora_link_cnt     at_cmd.o
    0x08016ab8   0x08016ab8   0x000000c0   Code   RO          298    i.lora_mode         at_cmd.o
    0x08016b78   0x08016b78   0x00000084   Code   RO          299    i.lora_rd_adc       at_cmd.o
    0x08016bfc   0x08016bfc   0x000000e0   Code   RO          300    i.lora_rd_iic       at_cmd.o
    0x08016cdc   0x08016cdc   0x0000008c   Code   RO          301    i.lora_rd_reg       at_cmd.o
    0x08016d68   0x08016d68   0x00000054   Code   RO          302    i.lora_read_config  at_cmd.o
    0x08016dbc   0x08016dbc   0x00000078   Code   RO          303    i.lora_recv         at_cmd.o
    0x08016e34   0x08016e34   0x000000b4   Code   RO          304    i.lora_recv_ex      at_cmd.o
    0x08016ee8   0x08016ee8   0x00000060   Code   RO          305    i.lora_recv_set     at_cmd.o
    0x08016f48   0x08016f48   0x00000024   Code   RO          306    i.lora_reload       at_cmd.o
    0x08016f6c   0x08016f6c   0x00000060   Code   RO          307    i.lora_reset        at_cmd.o
    0x08016fcc   0x08016fcc   0x00000184   Code   RO          308    i.lora_rf_config    at_cmd.o
    0x08017150   0x08017150   0x0000002c   Code   RO          309    i.lora_rx_stop      at_cmd.o
    0x0801717c   0x0801717c   0x000000f0   Code   RO          310    i.lora_rxc          at_cmd.o
    0x0801726c   0x0801726c   0x00000134   Code   RO          311    i.lora_send         at_cmd.o
    0x080173a0   0x080173a0   0x0000002c   Code   RO          312    i.lora_signal       at_cmd.o
    0x080173cc   0x080173cc   0x000000d0   Code   RO          313    i.lora_sleep        at_cmd.o
    0x0801749c   0x0801749c   0x00000088   Code   RO          314    i.lora_status       at_cmd.o
    0x08017524   0x08017524   0x00000074   Code   RO          315    i.lora_tx_dr        at_cmd.o
    0x08017598   0x08017598   0x0000002c   Code   RO          316    i.lora_tx_stop      at_cmd.o
    0x080175c4   0x080175c4   0x000001a4   Code   RO          317    i.lora_txc          at_cmd.o
    0x08017768   0x08017768   0x00000194   Code   RO          318    i.lora_uart_config  at_cmd.o
    0x080178fc   0x080178fc   0x00000020   Code   RO          319    i.lora_version      at_cmd.o
    0x0801791c   0x0801791c   0x0000013c   Code   RO          320    i.lora_wr_iic       at_cmd.o
    0x08017a58   0x08017a58   0x000000dc   Code   RO          321    i.lora_wr_reg       at_cmd.o
    0x08017b34   0x08017b34   0x0000003c   Code   RO          322    i.lora_write_config  at_cmd.o
    0x08017b70   0x08017b70   0x0000016c   Code   RO            5    i.main              app.o
    0x08017cdc   0x08017cdc   0x00000018   Code   RO         6348    i.memcpy1           utilities.o
    0x08017cf4   0x08017cf4   0x0000001c   Code   RO         6349    i.memcpyr           utilities.o
    0x08017d10   0x08017d10   0x00000014   Code   RO         6350    i.memset1           utilities.o
    0x08017d24   0x08017d24   0x00000284   Code   RO         9675    i.mix_sub_columns   aes.o
    0x08017fa8   0x08017fa8   0x0000001c   Code   RO          323    i.out_error         at_cmd.o
    0x08017fc4   0x08017fc4   0x00000034   Code   RO          324    i.out_hex_buf       at_cmd.o
    0x08017ff8   0x08017ff8   0x00000070   Code   RO          325    i.parse_args        at_cmd.o
    0x08018068   0x08018068   0x00000078   Code   RO          568    i.parse_args        lora_config.o
    0x080180e0   0x080180e0   0x00000028   Code   RO         6351    i.rand1             utilities.o
    0x08018108   0x08018108   0x0000001a   Code   RO         6352    i.randr             utilities.o
    0x08018122   0x08018122   0x00000002   PAD
    0x08018124   0x08018124   0x00000044   Code   RO          569    i.read_config       lora_config.o
    0x08018168   0x08018168   0x000000b8   Code   RO          570    i.read_config_string  lora_config.o
    0x08018220   0x08018220   0x00000014   Code   RO          733    i.read_data         partition.o
    0x08018234   0x08018234   0x00000068   Code   RO          734    i.read_partition    partition.o
    0x0801829c   0x0801829c   0x00000094   Code   RO         9988    i.round             m_ws.l(round.o)
    0x08018330   0x08018330   0x0000000e   Code   RO          870    i.rw_DeInitLoRaWAN  rw_lora.o
    0x0801833e   0x0801833e   0x00000002   PAD
    0x08018340   0x08018340   0x0000000c   Code   RO          871    i.rw_GetTxDataRate  rw_lora.o
    0x0801834c   0x0801834c   0x00000030   Code   RO          872    i.rw_GetVersion     rw_lora.o
    0x0801837c   0x0801837c   0x00000078   Code   RO          873    i.rw_InitLoRaWAN    rw_lora.o
    0x080183f4   0x080183f4   0x00000068   Code   RO          874    i.rw_JoinNetworkABP  rw_lora.o
    0x0801845c   0x0801845c   0x00000028   Code   RO          875    i.rw_JoinNetworkOTAA  rw_lora.o
    0x08018484   0x08018484   0x00000020   Code   RO          876    i.rw_LoRaLinkCheck  rw_lora.o
    0x080184a4   0x080184a4   0x0000002c   Code   RO          877    i.rw_LoRaP2PRxContinue  rw_lora.o
    0x080184d0   0x080184d0   0x00000010   Code   RO          878    i.rw_LoRaP2PRxStop  rw_lora.o
    0x080184e0   0x080184e0   0x00000058   Code   RO          879    i.rw_LoRaP2PTxContinue  rw_lora.o
    0x08018538   0x08018538   0x00000020   Code   RO          880    i.rw_LoRaP2PTxStop  rw_lora.o
    0x08018558   0x08018558   0x000000ac   Code   RO          881    i.rw_LoRaTxData     rw_lora.o
    0x08018604   0x08018604   0x0000015c   Code   RO          882    i.rw_LoadUsrConfig  rw_lora.o
    0x08018760   0x08018760   0x0000002c   Code   RO          883    i.rw_P2PRxDone      rw_lora.o
    0x0801878c   0x0801878c   0x00000002   Code   RO          884    i.rw_P2PRxError     rw_lora.o
    0x0801878e   0x0801878e   0x00000002   Code   RO          885    i.rw_P2PRxTimeout   rw_lora.o
    0x08018790   0x08018790   0x00000038   Code   RO          886    i.rw_P2PTxContinueTimerEvent  rw_lora.o
    0x080187c8   0x080187c8   0x00000008   Code   RO          887    i.rw_P2PTxDone      rw_lora.o
    0x080187d0   0x080187d0   0x00000008   Code   RO          888    i.rw_P2PTxTimeout   rw_lora.o
    0x080187d8   0x080187d8   0x00000038   Code   RO          889    i.rw_ReadUsrConfig  rw_lora.o
    0x08018810   0x08018810   0x00000098   Code   RO          890    i.rw_Region2Str     rw_lora.o
    0x080188a8   0x080188a8   0x00000016   Code   RO          891    i.rw_ResetLoRaWAN   rw_lora.o
    0x080188be   0x080188be   0x00000004   Code   RO          892    i.rw_ResetMCU       rw_lora.o
    0x080188c2   0x080188c2   0x00000002   PAD
    0x080188c4   0x080188c4   0x0000000c   Code   RO          893    i.rw_SetTxDataRate  rw_lora.o
    0x080188d0   0x080188d0   0x000000e4   Code   RO          894    i.rw_Str2Region     rw_lora.o
    0x080189b4   0x080189b4   0x00000200   Code   RO          895    i.rw_restore_LoRaWAN_config  rw_lora.o
    0x08018bb4   0x08018bb4   0x00000048   Code   RO          735    i.set_active_partition  partition.o
    0x08018bfc   0x08018bfc   0x00000070   Code   RO         9676    i.shift_sub_rows    aes.o
    0x08018c6c   0x08018c6c   0x0000000c   Code   RO         6353    i.srand1            utilities.o
    0x08018c78   0x08018c78   0x00000020   Code   RO          327    i.start_boot        at_cmd.o
    0x08018c98   0x08018c98   0x0000002c   Code   RO            6    i.timer_join_callback  app.o
    0x08018cc4   0x08018cc4   0x00000046   Code   RO          571    i.write_config      lora_config.o
    0x08018d0a   0x08018d0a   0x00000002   PAD
    0x08018d0c   0x08018d0c   0x00000080   Code   RO          572    i.write_config_string  lora_config.o
    0x08018d8c   0x08018d8c   0x00000072   Code   RO          736    i.write_data        partition.o
    0x08018dfe   0x08018dfe   0x00000002   PAD
    0x08018e00   0x08018e00   0x00000050   Code   RO          737    i.write_partition   partition.o
    0x08018e50   0x08018e50   0x00000082   Code   RO         9677    i.xor_block         aes.o
    0x08018ed2   0x08018ed2   0x00000002   PAD
    0x08018ed4   0x08018ed4   0x0000002c   Code   RO        10247    locale$$code        c_w.l(lc_ctype_c.o)
    0x08018f00   0x08018f00   0x0000002c   Code   RO        10250    locale$$code        c_w.l(lc_numeric_c.o)
    0x08018f2c   0x08018f2c   0x00000150   Code   RO         9914    x$fpl$dadd          fz_ws.l(daddsub_clz.o)
    0x0801907c   0x0801907c   0x00000018   Code   RO        10123    x$fpl$dcmpinf       fz_ws.l(dcmpi.o)
    0x08019094   0x08019094   0x000002b0   Code   RO         9921    x$fpl$ddiv          fz_ws.l(ddiv.o)
    0x08019344   0x08019344   0x0000005e   Code   RO         9926    x$fpl$dfix          fz_ws.l(dfix.o)
    0x080193a2   0x080193a2   0x00000002   PAD
    0x080193a4   0x080193a4   0x0000005a   Code   RO         9930    x$fpl$dfixu         fz_ws.l(dfixu.o)
    0x080193fe   0x080193fe   0x0000002e   Code   RO         9935    x$fpl$dflt          fz_ws.l(dflt_clz.o)
    0x0801942c   0x0801942c   0x00000026   Code   RO         9934    x$fpl$dfltu         fz_ws.l(dflt_clz.o)
    0x08019452   0x08019452   0x00000002   PAD
    0x08019454   0x08019454   0x00000078   Code   RO         9940    x$fpl$dleqf         fz_ws.l(dleqf.o)
    0x080194cc   0x080194cc   0x00000154   Code   RO         9942    x$fpl$dmul          fz_ws.l(dmul.o)
    0x08019620   0x08019620   0x0000009c   Code   RO        10125    x$fpl$dnaninf       fz_ws.l(dnaninf.o)
    0x080196bc   0x080196bc   0x0000000c   Code   RO        10127    x$fpl$dretinf       fz_ws.l(dretinf.o)
    0x080196c8   0x080196c8   0x0000006c   Code   RO         9944    x$fpl$drleqf        fz_ws.l(drleqf.o)
    0x08019734   0x08019734   0x000000b4   Code   RO        10129    x$fpl$drnd          fz_ws.l(drnd.o)
    0x080197e8   0x080197e8   0x00000016   Code   RO         9915    x$fpl$drsb          fz_ws.l(daddsub_clz.o)
    0x080197fe   0x080197fe   0x00000002   PAD
    0x08019800   0x08019800   0x000001d4   Code   RO         9916    x$fpl$dsub          fz_ws.l(daddsub_clz.o)
    0x080199d4   0x080199d4   0x00000056   Code   RO         9946    x$fpl$f2d           fz_ws.l(f2d.o)
    0x08019a2a   0x08019a2a   0x00000002   PAD
    0x08019a2c   0x08019a2c   0x000000c4   Code   RO         9948    x$fpl$fadd          fz_ws.l(faddsub_clz.o)
    0x08019af0   0x08019af0   0x00000018   Code   RO        10131    x$fpl$fcmpinf       fz_ws.l(fcmpi.o)
    0x08019b08   0x08019b08   0x00000030   Code   RO         9959    x$fpl$fflt          fz_ws.l(fflt_clz.o)
    0x08019b38   0x08019b38   0x00000026   Code   RO         9958    x$fpl$ffltu         fz_ws.l(fflt_clz.o)
    0x08019b5e   0x08019b5e   0x00000002   PAD
    0x08019b60   0x08019b60   0x00000068   Code   RO         9964    x$fpl$fleqf         fz_ws.l(fleqf.o)
    0x08019bc8   0x08019bc8   0x0000008c   Code   RO        10133    x$fpl$fnaninf       fz_ws.l(fnaninf.o)
    0x08019c54   0x08019c54   0x0000000a   Code   RO        10135    x$fpl$fretinf       fz_ws.l(fretinf.o)
    0x08019c5e   0x08019c5e   0x00000014   Code   RO         9949    x$fpl$frsb          fz_ws.l(faddsub_clz.o)
    0x08019c72   0x08019c72   0x00000002   PAD
    0x08019c74   0x08019c74   0x000000ea   Code   RO         9950    x$fpl$fsub          fz_ws.l(faddsub_clz.o)
    0x08019d5e   0x08019d5e   0x00000004   Code   RO         9968    x$fpl$printf1       fz_ws.l(printf1.o)
    0x08019d62   0x08019d62   0x00000004   Code   RO        10137    x$fpl$printf2       fz_ws.l(printf2.o)
    0x08019d66   0x08019d66   0x00000000   Code   RO        10145    x$fpl$usenofp       fz_ws.l(usenofp.o)
    0x08019d66   0x08019d66   0x00000002   PAD
    0x08019d68   0x08019d68   0x000000b8   Data   RO            8    .constdata          app.o
    0x08019e20   0x08019e20   0x000000b0   Data   RO          329    .constdata          at_cmd.o
    0x08019ed0   0x08019ed0   0x000000d0   Data   RO          574    .constdata          lora_config.o
    0x08019fa0   0x08019fa0   0x00000040   Data   RO          738    .constdata          partition.o
    0x08019fe0   0x08019fe0   0x00000028   Data   RO         1515    .constdata          rtc-board.o
    0x0801a008   0x0801a008   0x0000006c   Data   RO         1689    .constdata          sx127x-board.o
    0x0801a074   0x0801a074   0x00000021   Data   RO         1957    .constdata          system_stm32l1xx.o
    0x0801a095   0x0801a095   0x0000000d   Data   RO         4051    .constdata          stm32l1xx_hal_rcc.o
    0x0801a0a2   0x0801a0a2   0x00000002   PAD
    0x0801a0a4   0x0801a0a4   0x000000b0   Data   RO         6464    .constdata          loramac.o
    0x0801a154   0x0801a154   0x00000078   Data   RO         6959    .constdata          regionas923.o
    0x0801a1cc   0x0801a1cc   0x000000aa   Data   RO         7140    .constdata          regionau915.o
    0x0801a276   0x0801a276   0x00000002   PAD
    0x0801a278   0x0801a278   0x0000003c   Data   RO         7314    .constdata          regioncn470.o
    0x0801a2b4   0x0801a2b4   0x0000006c   Data   RO         7786    .constdata          regioneu433.o
    0x0801a320   0x0801a320   0x0000006c   Data   RO         7965    .constdata          regioneu868.o
    0x0801a38c   0x0801a38c   0x00000074   Data   RO         8144    .constdata          regionin865.o
    0x0801a400   0x0801a400   0x00000060   Data   RO         8324    .constdata          regionkr920.o
    0x0801a460   0x0801a460   0x00000094   Data   RO         8506    .constdata          regionus915.o
    0x0801a4f4   0x0801a4f4   0x000000f0   Data   RO         8882    .constdata          sx127x.o
    0x0801a5e4   0x0801a5e4   0x00000038   Data   RO         9328    .constdata          gps.o
    0x0801a61c   0x0801a61c   0x00000300   Data   RO         9678    .constdata          aes.o
    0x0801a91c   0x0801a91c   0x00000028   Data   RO         9860    .constdata          c_w.l(_printf_hex_int_ll_ptr.o)
    0x0801a944   0x0801a944   0x00000011   Data   RO         9880    .constdata          c_w.l(__printf_flags_ss_wp.o)
    0x0801a955   0x0801a955   0x00000003   PAD
    0x0801a958   0x0801a958   0x00000008   Data   RO        10044    .constdata          c_w.l(_printf_wctomb.o)
    0x0801a960   0x0801a960   0x00000026   Data   RO        10209    .constdata          c_w.l(_printf_fp_hex.o)
    0x0801a986   0x0801a986   0x00000002   PAD
    0x0801a988   0x0801a988   0x00000094   Data   RO        10220    .constdata          c_w.l(bigflt0.o)
    0x0801aa1c   0x0801aa1c   0x00000158   Data   RO          330    .conststring        at_cmd.o
    0x0801ab74   0x0801ab74   0x00000101   Data   RO          575    .conststring        lora_config.o
    0x0801ac75   0x0801ac75   0x00000003   PAD
    0x0801ac78   0x0801ac78   0x00000020   Data   RO        10356    Region$$Table       anon$$obj.o
    0x0801ac98   0x0801ac98   0x00000110   Data   RO        10246    locale$$data        c_w.l(lc_ctype_c.o)
    0x0801ada8   0x0801ada8   0x0000001c   Data   RO        10249    locale$$data        c_w.l(lc_numeric_c.o)


    Execution Region RW_IRAM1 (Exec base: 0x20000000, Load base: 0x0801adc4, Size: 0x00003b20, Max: 0x00004000, ABSOLUTE, COMPRESSED[0x000001dc])

    Exec Addr    Load Addr    Size         Type   Attr      Idx    E Section Name        Object

    0x20000000   COMPRESSED   0x00000028   Data   RW            9    .data               app.o
    0x20000028   COMPRESSED   0x000000fc   Data   RW          331    .data               at_cmd.o
    0x20000124   COMPRESSED   0x000000a8   Data   RW          576    .data               lora_config.o
    0x200001cc   COMPRESSED   0x00000035   Data   RW          898    .data               rw_lora.o
    0x20000201   COMPRESSED   0x00000003   Data   RW         1138    .data               board.o
    0x20000204   COMPRESSED   0x00000004   Data   RW         1265    .data               gpio-board.o
    0x20000208   COMPRESSED   0x00000002   Data   RW         1373    .data               gps-board.o
    0x2000020a   COMPRESSED   0x00000001   Data   RW         1437    .data               i2c-board.o
    0x2000020b   COMPRESSED   0x00000001   PAD
    0x2000020c   COMPRESSED   0x00000014   Data   RW         1516    .data               rtc-board.o
    0x20000220   COMPRESSED   0x00000001   Data   RW         1690    .data               sx127x-board.o
    0x20000221   COMPRESSED   0x00000001   Data   RW         1783    .data               timer-board.o
    0x20000222   COMPRESSED   0x00000002   PAD
    0x20000224   COMPRESSED   0x00000004   Data   RW         1958    .data               system_stm32l1xx.o
    0x20000228   COMPRESSED   0x00000004   Data   RW         2018    .data               stm32l1xx_hal.o
    0x2000022c   COMPRESSED   0x00000004   Data   RW         6355    .data               utilities.o
    0x20000230   COMPRESSED   0x00000075   Data   RW         6465    .data               loramac.o
    0x200002a5   COMPRESSED   0x00000020   Data   RW         6714    .data               loramaccrypto.o
    0x200002c5   COMPRESSED   0x00000003   PAD
    0x200002c8   COMPRESSED   0x00000014   Data   RW         6960    .data               regionas923.o
    0x200002dc   COMPRESSED   0x00000010   Data   RW         7141    .data               regionau915.o
    0x200002ec   COMPRESSED   0x00000010   Data   RW         7315    .data               regioncn470.o
    0x200002fc   COMPRESSED   0x00000014   Data   RW         7787    .data               regioneu433.o
    0x20000310   COMPRESSED   0x00000054   Data   RW         7966    .data               regioneu868.o
    0x20000364   COMPRESSED   0x00000014   Data   RW         8145    .data               regionin865.o
    0x20000378   COMPRESSED   0x00000014   Data   RW         8325    .data               regionkr920.o
    0x2000038c   COMPRESSED   0x00000010   Data   RW         8507    .data               regionus915.o
    0x2000039c   COMPRESSED   0x0000001c   Data   RW         8883    .data               sx127x.o
    0x200003b8   COMPRESSED   0x00000029   Data   RW         9329    .data               gps.o
    0x200003e1   COMPRESSED   0x00000001   Data   RW         9445    .data               i2c.o
    0x200003e2   COMPRESSED   0x00000002   PAD
    0x200003e4   COMPRESSED   0x00000008   Data   RW         9516    .data               timer.o
    0x200003ec        -       0x00000579   Zero   RW            7    .bss                app.o
    0x20000965        -       0x00000200   Zero   RW          328    .bss                at_cmd.o
    0x20000b65        -       0x00000800   Zero   RW          573    .bss                lora_config.o
    0x20001365   COMPRESSED   0x00000003   PAD
    0x20001368        -       0x0000008c   Zero   RW          896    .bss                rw_lora.o
    0x200013f4        -       0x0000015c   Zero   RW         1136    .bss                board.o
    0x20001550        -       0x00000040   Zero   RW         1263    .bss                gpio-board.o
    0x20001590        -       0x0000008c   Zero   RW         1371    .bss                gps-board.o
    0x2000161c        -       0x00000078   Zero   RW         1514    .bss                rtc-board.o
    0x20001694        -       0x00000048   Zero   RW         1688    .bss                sx127x-board.o
    0x200016dc        -       0x00000038   Zero   RW         1781    .bss                timer-board.o
    0x20001714        -       0x0000028f   Zero   RW         1856    .bss                uart-board.o
    0x200019a3   COMPRESSED   0x00000001   PAD
    0x200019a4        -       0x00000018   Zero   RW         2706    .bss                stm32l1xx_hal_flash.o
    0x200019bc        -       0x00000488   Zero   RW         6463    .bss                loramac.o
    0x20001e44        -       0x0000022c   Zero   RW         6713    .bss                loramaccrypto.o
    0x20002070        -       0x000000c0   Zero   RW         6958    .bss                regionas923.o
    0x20002130        -       0x00000384   Zero   RW         7139    .bss                regionau915.o
    0x200024b4        -       0x00000498   Zero   RW         7313    .bss                regioncn470.o
    0x2000294c        -       0x000000c0   Zero   RW         7785    .bss                regioneu433.o
    0x20002a0c        -       0x000000c0   Zero   RW         7964    .bss                regioneu868.o
    0x20002acc        -       0x000000c0   Zero   RW         8143    .bss                regionin865.o
    0x20002b8c        -       0x000000c0   Zero   RW         8323    .bss                regionkr920.o
    0x20002c4c        -       0x00000384   Zero   RW         8505    .bss                regionus915.o
    0x20002fd0        -       0x00000288   Zero   RW         8881    .bss                sx127x.o
    0x20003258        -       0x00000063   Zero   RW         9327    .bss                gps.o
    0x200032bb   COMPRESSED   0x00000001   PAD
    0x200032bc        -       0x00000060   Zero   RW        10176    .bss                c_w.l(libspace.o)
    0x2000331c   COMPRESSED   0x00000004   PAD
    0x20003320        -       0x00000200   Zero   RW         1990    HEAP                startup_stm32l1xx_md.o
    0x20003520        -       0x00000600   Zero   RW         1989    STACK               startup_stm32l1xx_md.o


==============================================================================

Image component sizes


      Code (inc. data)   RO Data    RW Data    ZI Data      Debug   Object Name

       432         14          0          0          0       2621   adc-board.o
        48          0          0          0          0       1499   adc.o
      1530         22        768          0          0      14252   aes.o
       480        122        184         40       1401     333958   app.o
      5862        752        520        252        512      30978   at_cmd.o
       928         82          0          3        348       7308   board.o
       726          0          0          0          0       3853   cmac.o
        12          0          0          0          0        510   delay.o
       138          0          0          0          0       4147   fifo.o
       972         58          0          4         64       8445   gpio-board.o
       140          0          0          0          0       2909   gpio.o
       250         44          0          2        140       3244   gps-board.o
      2550        110         56         41         99       8550   gps.o
       396         26          0          1          0       4429   i2c-board.o
       216         24          0          1          0       3285   i2c.o
      5010        406        465        168       2048      50553   lora_config.o
     12034       1650        176        117       1160      34448   loramac.o
       716         44          0         32        556       6927   loramaccrypto.o
       534         38         64          0          0       6710   partition.o
      2306        210          0          0          0      47545   region.o
      3628        262        120         20        192      23580   regionas923.o
      2844        250        170         16        900      19516   regionau915.o
      2612        228         60         16       1176      19188   regioncn470.o
      1462         26          0          0          0      13096   regioncommon.o
      3458        258        108         20        192      22104   regioneu433.o
      3586        284        108         84        192      22252   regioneu868.o
      3508        264        116         20        192      22168   regionin865.o
      3434        260         96         20        192      22824   regionkr920.o
      2936        252        148         16        900      19612   regionus915.o
      1926        196         40         20        120      11016   rtc-board.o
      2712        442          0         53        140      20845   rw_lora.o
       574         18          0          0          0       4409   spi-board.o
        64         26        244          0       2048        852   startup_stm32l1xx_md.o
       176         32          0          4          0       5143   stm32l1xx_hal.o
      1790         58          0          0          0       7955   stm32l1xx_hal_adc.o
       376         28          0          0          0      30067   stm32l1xx_hal_cortex.o
       408         46          0          0         24       3410   stm32l1xx_hal_flash.o
       192         20          0          0          0       1855   stm32l1xx_hal_flash_ex.o
       520         38          0          0          0       3518   stm32l1xx_hal_gpio.o
      2428         28          0          0          0      10076   stm32l1xx_hal_i2c.o
         2          0          0          0          0        498   stm32l1xx_hal_msp_template.o
        88         14          0          0          0       1105   stm32l1xx_hal_pwr.o
        64         14          0          0          0       1593   stm32l1xx_hal_pwr_ex.o
      3580        100         13          0          0       6793   stm32l1xx_hal_rcc.o
       420         12          0          0          0       1352   stm32l1xx_hal_rcc_ex.o
      1286         24          0          0          0       8119   stm32l1xx_hal_rtc.o
       954         10          0          0          0       5138   stm32l1xx_hal_rtc_ex.o
        52          0          0          0          0       2107   stm32l1xx_hal_spi.o
       124          0          0          0          0       1055   stm32l1xx_hal_spi_ex.o
       346          0          0          0          0       3438   stm32l1xx_hal_tim.o
      2268          6          0          0          0       8742   stm32l1xx_hal_uart.o
       842         66        108          1         72       9731   sx127x-board.o
      6966        364        240         28        648      25294   sx127x.o
       100         18         33          4          0       1335   system_stm32l1xx.o
        28         10          0          1         56       1709   timer-board.o
       908         52          0          8          0       8786   timer.o
      1092         84          0          0        655       9187   uart-board.o
       226         14          0          4          0       5183   utilities.o

    ----------------------------------------------------------------------
     93372       7406       3876       1004      14032     960822   Object Totals
         0          0         32          0          0          0   (incl. Generated)
       112          0          7          8          5          0   (incl. Padding)

    ----------------------------------------------------------------------

      Code (inc. data)   RO Data    RW Data    ZI Data      Debug   Library Member Name

        44          6          0          0          0         84   __2sprintf.o
        90          0          0          0          0          0   __dczerorl2.o
         8          0          0          0          0         68   __main.o
       392          4         17          0          0         92   __printf_flags_ss_wp.o
        14          0          0          0          0         68   __printf_wp.o
         0          0          0          0          0          0   __rtentry.o
        12          0          0          0          0          0   __rtentry2.o
         6          0          0          0          0          0   __rtentry4.o
        52          8          0          0          0          0   __scatter.o
        28          0          0          0          0          0   __scatter_zi.o
        28          0          0          0          0         68   _chval.o
         6          0          0          0          0          0   _printf_a.o
         6          0          0          0          0          0   _printf_c.o
        44          0          0          0          0        108   _printf_char.o
        48          6          0          0          0         96   _printf_char_common.o
        40          0          0          0          0         68   _printf_charcount.o
         6          0          0          0          0          0   _printf_d.o
       120         16          0          0          0         92   _printf_dec.o
         6          0          0          0          0          0   _printf_e.o
         6          0          0          0          0          0   _printf_f.o
      1054          0          0          0          0        216   _printf_fp_dec.o
       764          8         38          0          0        100   _printf_fp_hex.o
       128         16          0          0          0         84   _printf_fp_infnan.o
         6          0          0          0          0          0   _printf_g.o
       148          4         40          0          0        160   _printf_hex_int_ll_ptr.o
         6          0          0          0          0          0   _printf_i.o
       178          0          0          0          0         88   _printf_intcommon.o
        10          0          0          0          0          0   _printf_l.o
         6          0          0          0          0          0   _printf_lc.o
        10          0          0          0          0          0   _printf_ll.o
         6          0          0          0          0          0   _printf_lld.o
         6          0          0          0          0          0   _printf_lli.o
         6          0          0          0          0          0   _printf_llo.o
         6          0          0          0          0          0   _printf_llu.o
         6          0          0          0          0          0   _printf_llx.o
       124         16          0          0          0         92   _printf_longlong_dec.o
         6          0          0          0          0          0   _printf_ls.o
         6          0          0          0          0          0   _printf_n.o
         6          0          0          0          0          0   _printf_o.o
       112         10          0          0          0        124   _printf_oct_int_ll.o
         6          0          0          0          0          0   _printf_p.o
        78          0          0          0          0        108   _printf_pad.o
         0          0          0          0          0          0   _printf_percent.o
         4          0          0          0          0          0   _printf_percent_end.o
         6          0          0          0          0          0   _printf_s.o
        82          0          0          0          0         80   _printf_str.o
        36          0          0          0          0         84   _printf_truncate.o
         6          0          0          0          0          0   _printf_u.o
        44          0          0          0          0        108   _printf_wchar.o
       188          6          8          0          0         92   _printf_wctomb.o
         6          0          0          0          0          0   _printf_x.o
        16          0          0          0          0         68   _snputc.o
        10          0          0          0          0         68   _sputc.o
       158          0          0          0          0         92   _strtoul.o
        64          0          0          0          0         92   _wcrtomb.o
        26          0          0          0          0         80   atoi.o
        26          0          0          0          0         80   atol.o
       228          4        148          0          0         96   bigflt0.o
      1936        128          0          0          0        672   btod.o
        18          0          0          0          0         80   exit.o
         6          0          0          0          0        152   heapauxi.o
         0          0          0          0          0          0   indicate_semi.o
        22          0          0          0          0         76   isxdigit.o
        44         10        272          0          0         76   lc_ctype_c.o
        44         10         28          0          0         76   lc_numeric_c.o
         2          0          0          0          0          0   libinit.o
        30          0          0          0          0          0   libinit2.o
         2          0          0          0          0          0   libshutdown.o
         2          0          0          0          0          0   libshutdown2.o
         8          4          0          0         96         68   libspace.o
       138          0          0          0          0         80   lludiv10.o
        16          4          0          0          0         76   rt_ctype_table.o
         8          4          0          0          0         68   rt_errno_addr_intlibspace.o
         8          4          0          0          0         68   rt_locale_intlibspace.o
        78          0          0          0          0         80   rt_memclr_w.o
       138          0          0          0          0         68   rt_memcpy_v6.o
       100          0          0          0          0         80   rt_memcpy_w.o
         2          0          0          0          0          0   rtexit.o
        10          0          0          0          0          0   rtexit2.o
       128          0          0          0          0         68   strcmpv7m.o
        72          0          0          0          0         80   strcpy.o
        62          0          0          0          0         76   strlen.o
       150          0          0          0          0         80   strncmp.o
       112          0          0          0          0         88   strtol.o
       114          0          0          0          0         92   strtoul.o
        12          4          0          0          0         68   sys_exit.o
        74          0          0          0          0         80   sys_stackheap_outer.o
         2          0          0          0          0         68   use_no_semi.o
        52          4          0          0          0         80   vsnprintf.o
       826         16          0          0          0        348   daddsub_clz.o
        24          0          0          0          0         68   dcmpi.o
       688        140          0          0          0        208   ddiv.o
        94          4          0          0          0         92   dfix.o
        90          4          0          0          0         92   dfixu.o
        84          0          0          0          0        136   dflt_clz.o
       120          4          0          0          0         92   dleqf.o
       340         12          0          0          0        104   dmul.o
       156          4          0          0          0         92   dnaninf.o
        12          0          0          0          0         68   dretinf.o
       108          0          0          0          0         80   drleqf.o
       180          4          0          0          0         80   drnd.o
        86          4          0          0          0         84   f2d.o
       450          8          0          0          0        236   faddsub_clz.o
        24          0          0          0          0         68   fcmpi.o
        86          0          0          0          0        136   fflt_clz.o
       104          4          0          0          0         84   fleqf.o
       140          4          0          0          0         84   fnaninf.o
        10          0          0          0          0         68   fretinf.o
         4          0          0          0          0         68   printf1.o
         4          0          0          0          0         68   printf2.o
         0          0          0          0          0          0   usenofp.o
       220         16          0          0          0         84   ceil.o
       220         16          0          0          0         84   floor.o
        40          0          0          0          0         68   fpclassify.o
       148         12          0          0          0         88   round.o

    ----------------------------------------------------------------------
     12216        528        556          0        100       7836   Library Totals
        34          0          5          0          4          0   (incl. Padding)

    ----------------------------------------------------------------------

      Code (inc. data)   RO Data    RW Data    ZI Data      Debug   Library Name

      7924        276        551          0         96       5156   c_w.l
      3630        208          0          0          0       2356   fz_ws.l
       628         44          0          0          0        324   m_ws.l

    ----------------------------------------------------------------------
     12216        528        556          0        100       7836   Library Totals

    ----------------------------------------------------------------------

==============================================================================


      Code (inc. data)   RO Data    RW Data    ZI Data      Debug   

    105588       7934       4432       1004      14132     929082   Grand Totals
    105588       7934       4432        476      14132     929082   ELF Image Totals (compressed)
    105588       7934       4432        476          0          0   ROM Totals

==============================================================================

    Total RO  Size (Code + RO Data)               110020 ( 107.44kB)
    Total RW  Size (RW Data + ZI Data)             15136 (  14.78kB)
    Total ROM Size (Code + RO Data + RW Data)     110496 ( 107.91kB)

==============================================================================

